<?xml version="1.0" encoding="ISO-8859-1" ?>
<link_info>
   <banner>TI ARM Linker PC v20.2.7.LTS</banner>
   <copyright>Copyright (c) 1996-2018 Texas Instruments Incorporated</copyright>
   <link_time>0x66340345</link_time>
   <link_errors>0x0</link_errors>
   <output_file>Final Project.out</output_file>
   <entry_point>
      <name>_c_int00_noargs</name>
      <address>0x5ff5</address>
   </entry_point>
   <input_file_list>
      <input_file id="fl-2">
         <path>.\</path>
         <kind>object</kind>
         <file>Timer.obj</file>
         <name>Timer.obj</name>
      </input_file>
      <input_file id="fl-3">
         <path>.\</path>
         <kind>object</kind>
         <file>adc.obj</file>
         <name>adc.obj</name>
      </input_file>
      <input_file id="fl-4">
         <path>.\</path>
         <kind>object</kind>
         <file>lcd.obj</file>
         <name>lcd.obj</name>
      </input_file>
      <input_file id="fl-5">
         <path>.\</path>
         <kind>object</kind>
         <file>main.obj</file>
         <name>main.obj</name>
      </input_file>
      <input_file id="fl-6">
         <path>.\</path>
         <kind>object</kind>
         <file>open_interface.obj</file>
         <name>open_interface.obj</name>
      </input_file>
      <input_file id="fl-7">
         <path>.\</path>
         <kind>object</kind>
         <file>ping.obj</file>
         <name>ping.obj</name>
      </input_file>
      <input_file id="fl-8">
         <path>.\</path>
         <kind>object</kind>
         <file>servo.obj</file>
         <name>servo.obj</name>
      </input_file>
      <input_file id="fl-9">
         <path>.\</path>
         <kind>object</kind>
         <file>tm4c123gh6pm_startup_ccs.obj</file>
         <name>tm4c123gh6pm_startup_ccs.obj</name>
      </input_file>
      <input_file id="fl-a">
         <path>.\</path>
         <kind>object</kind>
         <file>uart_extra_help.obj</file>
         <name>uart_extra_help.obj</name>
      </input_file>
      <input_file id="fl-f">
         <kind>object</kind>
         <file>&lt;internal&gt;</file>
         <name>&lt;internal&gt;</name>
      </input_file>
      <input_file id="fl-c5">
         <path>C:\ti\ccs1230\ccs\tools\compiler\ti-cgt-arm_20.2.7.LTS\lib\</path>
         <kind>archive</kind>
         <file>rtsv7M4_T_le_v4SPD16_eabi.lib</file>
         <name>e_pow.c.obj</name>
      </input_file>
      <input_file id="fl-c6">
         <path>C:\ti\ccs1230\ccs\tools\compiler\ti-cgt-arm_20.2.7.LTS\lib\</path>
         <kind>archive</kind>
         <file>rtsv7M4_T_le_v4SPD16_eabi.lib</file>
         <name>e_sqrt.c.obj</name>
      </input_file>
      <input_file id="fl-c7">
         <path>C:\ti\ccs1230\ccs\tools\compiler\ti-cgt-arm_20.2.7.LTS\lib\</path>
         <kind>archive</kind>
         <file>rtsv7M4_T_le_v4SPD16_eabi.lib</file>
         <name>s_scalbn.c.obj</name>
      </input_file>
      <input_file id="fl-c8">
         <path>C:\ti\ccs1230\ccs\tools\compiler\ti-cgt-arm_20.2.7.LTS\lib\</path>
         <kind>archive</kind>
         <file>rtsv7M4_T_le_v4SPD16_eabi.lib</file>
         <name>s_sin.c.obj</name>
      </input_file>
      <input_file id="fl-c9">
         <path>C:\ti\ccs1230\ccs\tools\compiler\ti-cgt-arm_20.2.7.LTS\lib\</path>
         <kind>archive</kind>
         <file>rtsv7M4_T_le_v4SPD16_eabi.lib</file>
         <name>sprintf.c.obj</name>
      </input_file>
      <input_file id="fl-ca">
         <path>C:\ti\ccs1230\ccs\tools\compiler\ti-cgt-arm_20.2.7.LTS\lib\</path>
         <kind>archive</kind>
         <file>rtsv7M4_T_le_v4SPD16_eabi.lib</file>
         <name>vsnprintf.c.obj</name>
      </input_file>
      <input_file id="fl-cb">
         <path>C:\ti\ccs1230\ccs\tools\compiler\ti-cgt-arm_20.2.7.LTS\lib\</path>
         <kind>archive</kind>
         <file>rtsv7M4_T_le_v4SPD16_eabi.lib</file>
         <name>fd_add_t2.asm.obj</name>
      </input_file>
      <input_file id="fl-cc">
         <path>C:\ti\ccs1230\ccs\tools\compiler\ti-cgt-arm_20.2.7.LTS\lib\</path>
         <kind>archive</kind>
         <file>rtsv7M4_T_le_v4SPD16_eabi.lib</file>
         <name>fd_cmp_t2.asm.obj</name>
      </input_file>
      <input_file id="fl-cd">
         <path>C:\ti\ccs1230\ccs\tools\compiler\ti-cgt-arm_20.2.7.LTS\lib\</path>
         <kind>archive</kind>
         <file>rtsv7M4_T_le_v4SPD16_eabi.lib</file>
         <name>fd_div_t2.asm.obj</name>
      </input_file>
      <input_file id="fl-ce">
         <path>C:\ti\ccs1230\ccs\tools\compiler\ti-cgt-arm_20.2.7.LTS\lib\</path>
         <kind>archive</kind>
         <file>rtsv7M4_T_le_v4SPD16_eabi.lib</file>
         <name>fd_mul_t2.asm.obj</name>
      </input_file>
      <input_file id="fl-cf">
         <path>C:\ti\ccs1230\ccs\tools\compiler\ti-cgt-arm_20.2.7.LTS\lib\</path>
         <kind>archive</kind>
         <file>rtsv7M4_T_le_v4SPD16_eabi.lib</file>
         <name>fd_toi_t2.asm.obj</name>
      </input_file>
      <input_file id="fl-d0">
         <path>C:\ti\ccs1230\ccs\tools\compiler\ti-cgt-arm_20.2.7.LTS\lib\</path>
         <kind>archive</kind>
         <file>rtsv7M4_T_le_v4SPD16_eabi.lib</file>
         <name>fd_tos_t2.asm.obj</name>
      </input_file>
      <input_file id="fl-d1">
         <path>C:\ti\ccs1230\ccs\tools\compiler\ti-cgt-arm_20.2.7.LTS\lib\</path>
         <kind>archive</kind>
         <file>rtsv7M4_T_le_v4SPD16_eabi.lib</file>
         <name>fd_tou_t2.asm.obj</name>
      </input_file>
      <input_file id="fl-d2">
         <path>C:\ti\ccs1230\ccs\tools\compiler\ti-cgt-arm_20.2.7.LTS\lib\</path>
         <kind>archive</kind>
         <file>rtsv7M4_T_le_v4SPD16_eabi.lib</file>
         <name>fs_tod_t2.asm.obj</name>
      </input_file>
      <input_file id="fl-d3">
         <path>C:\ti\ccs1230\ccs\tools\compiler\ti-cgt-arm_20.2.7.LTS\lib\</path>
         <kind>archive</kind>
         <file>rtsv7M4_T_le_v4SPD16_eabi.lib</file>
         <name>i_tofd_t2.asm.obj</name>
      </input_file>
      <input_file id="fl-d4">
         <path>C:\ti\ccs1230\ccs\tools\compiler\ti-cgt-arm_20.2.7.LTS\lib\</path>
         <kind>archive</kind>
         <file>rtsv7M4_T_le_v4SPD16_eabi.lib</file>
         <name>memcpy_t2.asm.obj</name>
      </input_file>
      <input_file id="fl-d5">
         <path>C:\ti\ccs1230\ccs\tools\compiler\ti-cgt-arm_20.2.7.LTS\lib\</path>
         <kind>archive</kind>
         <file>rtsv7M4_T_le_v4SPD16_eabi.lib</file>
         <name>u_tofd_t2.asm.obj</name>
      </input_file>
      <input_file id="fl-d6">
         <path>C:\ti\ccs1230\ccs\tools\compiler\ti-cgt-arm_20.2.7.LTS\lib\</path>
         <kind>archive</kind>
         <file>rtsv7M4_T_le_v4SPD16_eabi.lib</file>
         <name>copy_zero_init.c.obj</name>
      </input_file>
      <input_file id="fl-d7">
         <path>C:\ti\ccs1230\ccs\tools\compiler\ti-cgt-arm_20.2.7.LTS\lib\</path>
         <kind>archive</kind>
         <file>rtsv7M4_T_le_v4SPD16_eabi.lib</file>
         <name>copy_decompress_none.c.obj</name>
      </input_file>
      <input_file id="fl-d8">
         <path>C:\ti\ccs1230\ccs\tools\compiler\ti-cgt-arm_20.2.7.LTS\lib\</path>
         <kind>archive</kind>
         <file>rtsv7M4_T_le_v4SPD16_eabi.lib</file>
         <name>copy_decompress_lzss.c.obj</name>
      </input_file>
      <input_file id="fl-d9">
         <path>C:\ti\ccs1230\ccs\tools\compiler\ti-cgt-arm_20.2.7.LTS\lib\</path>
         <kind>archive</kind>
         <file>rtsv7M4_T_le_v4SPD16_eabi.lib</file>
         <name>memory.c.obj</name>
      </input_file>
      <input_file id="fl-da">
         <path>C:\ti\ccs1230\ccs\tools\compiler\ti-cgt-arm_20.2.7.LTS\lib\</path>
         <kind>archive</kind>
         <file>rtsv7M4_T_le_v4SPD16_eabi.lib</file>
         <name>strcmp.c.obj</name>
      </input_file>
      <input_file id="fl-db">
         <path>C:\ti\ccs1230\ccs\tools\compiler\ti-cgt-arm_20.2.7.LTS\lib\</path>
         <kind>archive</kind>
         <file>rtsv7M4_T_le_v4SPD16_eabi.lib</file>
         <name>strcpy.c.obj</name>
      </input_file>
      <input_file id="fl-dc">
         <path>C:\ti\ccs1230\ccs\tools\compiler\ti-cgt-arm_20.2.7.LTS\lib\</path>
         <kind>archive</kind>
         <file>rtsv7M4_T_le_v4SPD16_eabi.lib</file>
         <name>k_rem_pio2.c.obj</name>
      </input_file>
      <input_file id="fl-dd">
         <path>C:\ti\ccs1230\ccs\tools\compiler\ti-cgt-arm_20.2.7.LTS\lib\</path>
         <kind>archive</kind>
         <file>rtsv7M4_T_le_v4SPD16_eabi.lib</file>
         <name>boot_cortex_m.c.obj</name>
      </input_file>
      <input_file id="fl-de">
         <path>C:\ti\ccs1230\ccs\tools\compiler\ti-cgt-arm_20.2.7.LTS\lib\</path>
         <kind>archive</kind>
         <file>rtsv7M4_T_le_v4SPD16_eabi.lib</file>
         <name>errno.c.obj</name>
      </input_file>
      <input_file id="fl-df">
         <path>C:\ti\ccs1230\ccs\tools\compiler\ti-cgt-arm_20.2.7.LTS\lib\</path>
         <kind>archive</kind>
         <file>rtsv7M4_T_le_v4SPD16_eabi.lib</file>
         <name>s_copysign.c.obj</name>
      </input_file>
      <input_file id="fl-e0">
         <path>C:\ti\ccs1230\ccs\tools\compiler\ti-cgt-arm_20.2.7.LTS\lib\</path>
         <kind>archive</kind>
         <file>rtsv7M4_T_le_v4SPD16_eabi.lib</file>
         <name>k_cos.c.obj</name>
      </input_file>
      <input_file id="fl-e1">
         <path>C:\ti\ccs1230\ccs\tools\compiler\ti-cgt-arm_20.2.7.LTS\lib\</path>
         <kind>archive</kind>
         <file>rtsv7M4_T_le_v4SPD16_eabi.lib</file>
         <name>k_sin.c.obj</name>
      </input_file>
      <input_file id="fl-e2">
         <path>C:\ti\ccs1230\ccs\tools\compiler\ti-cgt-arm_20.2.7.LTS\lib\</path>
         <kind>archive</kind>
         <file>rtsv7M4_T_le_v4SPD16_eabi.lib</file>
         <name>s_floor.c.obj</name>
      </input_file>
      <input_file id="fl-e3">
         <path>C:\ti\ccs1230\ccs\tools\compiler\ti-cgt-arm_20.2.7.LTS\lib\</path>
         <kind>archive</kind>
         <file>rtsv7M4_T_le_v4SPD16_eabi.lib</file>
         <name>_printfi.c.obj</name>
      </input_file>
      <input_file id="fl-e4">
         <path>C:\ti\ccs1230\ccs\tools\compiler\ti-cgt-arm_20.2.7.LTS\lib\</path>
         <kind>archive</kind>
         <file>rtsv7M4_T_le_v4SPD16_eabi.lib</file>
         <name>memset_t2.asm.obj</name>
      </input_file>
      <input_file id="fl-e5">
         <path>C:\ti\ccs1230\ccs\tools\compiler\ti-cgt-arm_20.2.7.LTS\lib\</path>
         <kind>archive</kind>
         <file>rtsv7M4_T_le_v4SPD16_eabi.lib</file>
         <name>ull_div_t2.asm.obj</name>
      </input_file>
      <input_file id="fl-e6">
         <path>C:\ti\ccs1230\ccs\tools\compiler\ti-cgt-arm_20.2.7.LTS\lib\</path>
         <kind>archive</kind>
         <file>rtsv7M4_T_le_v4SPD16_eabi.lib</file>
         <name>autoinit.c.obj</name>
      </input_file>
      <input_file id="fl-e7">
         <path>C:\ti\ccs1230\ccs\tools\compiler\ti-cgt-arm_20.2.7.LTS\lib\</path>
         <kind>archive</kind>
         <file>rtsv7M4_T_le_v4SPD16_eabi.lib</file>
         <name>pre_init.c.obj</name>
      </input_file>
      <input_file id="fl-e8">
         <path>C:\ti\ccs1230\ccs\tools\compiler\ti-cgt-arm_20.2.7.LTS\lib\</path>
         <kind>archive</kind>
         <file>rtsv7M4_T_le_v4SPD16_eabi.lib</file>
         <name>cpy_tbl.c.obj</name>
      </input_file>
      <input_file id="fl-e9">
         <path>C:\ti\ccs1230\ccs\tools\compiler\ti-cgt-arm_20.2.7.LTS\lib\</path>
         <kind>archive</kind>
         <file>rtsv7M4_T_le_v4SPD16_eabi.lib</file>
         <name>exit.c.obj</name>
      </input_file>
      <input_file id="fl-ea">
         <path>C:\ti\ccs1230\ccs\tools\compiler\ti-cgt-arm_20.2.7.LTS\lib\</path>
         <kind>archive</kind>
         <file>rtsv7M4_T_le_v4SPD16_eabi.lib</file>
         <name>_lock.c.obj</name>
      </input_file>
      <input_file id="fl-eb">
         <path>C:\ti\ccs1230\ccs\tools\compiler\ti-cgt-arm_20.2.7.LTS\lib\</path>
         <kind>archive</kind>
         <file>rtsv7M4_T_le_v4SPD16_eabi.lib</file>
         <name>_ltoa.c.obj</name>
      </input_file>
      <input_file id="fl-ec">
         <path>C:\ti\ccs1230\ccs\tools\compiler\ti-cgt-arm_20.2.7.LTS\lib\</path>
         <kind>archive</kind>
         <file>rtsv7M4_T_le_v4SPD16_eabi.lib</file>
         <name>args_main.c.obj</name>
      </input_file>
      <input_file id="fl-ed">
         <path>C:\ti\ccs1230\ccs\tools\compiler\ti-cgt-arm_20.2.7.LTS\lib\</path>
         <kind>archive</kind>
         <file>rtsv7M4_T_le_v4SPD16_eabi.lib</file>
         <name>atoi.c.obj</name>
      </input_file>
      <input_file id="fl-ee">
         <path>C:\ti\ccs1230\ccs\tools\compiler\ti-cgt-arm_20.2.7.LTS\lib\</path>
         <kind>archive</kind>
         <file>rtsv7M4_T_le_v4SPD16_eabi.lib</file>
         <name>ctype.c.obj</name>
      </input_file>
      <input_file id="fl-ef">
         <path>C:\ti\ccs1230\ccs\tools\compiler\ti-cgt-arm_20.2.7.LTS\lib\</path>
         <kind>archive</kind>
         <file>rtsv7M4_T_le_v4SPD16_eabi.lib</file>
         <name>memccpy.c.obj</name>
      </input_file>
      <input_file id="fl-f0">
         <path>C:\ti\ccs1230\ccs\tools\compiler\ti-cgt-arm_20.2.7.LTS\lib\</path>
         <kind>archive</kind>
         <file>rtsv7M4_T_le_v4SPD16_eabi.lib</file>
         <name>strchr.c.obj</name>
      </input_file>
      <input_file id="fl-f1">
         <path>C:\ti\ccs1230\ccs\tools\compiler\ti-cgt-arm_20.2.7.LTS\lib\</path>
         <kind>archive</kind>
         <file>rtsv7M4_T_le_v4SPD16_eabi.lib</file>
         <name>strlen.c.obj</name>
      </input_file>
      <input_file id="fl-f2">
         <path>C:\ti\ccs1230\ccs\tools\compiler\ti-cgt-arm_20.2.7.LTS\lib\</path>
         <kind>archive</kind>
         <file>rtsv7M4_T_le_v4SPD16_eabi.lib</file>
         <name>wcslen.c.obj</name>
      </input_file>
      <input_file id="fl-f3">
         <path>C:\ti\ccs1230\ccs\tools\compiler\ti-cgt-arm_20.2.7.LTS\lib\</path>
         <kind>archive</kind>
         <file>rtsv7M4_T_le_v4SPD16_eabi.lib</file>
         <name>s_frexp.c.obj</name>
      </input_file>
      <input_file id="fl-f4">
         <path>C:\ti\ccs1230\ccs\tools\compiler\ti-cgt-arm_20.2.7.LTS\lib\</path>
         <kind>archive</kind>
         <file>rtsv7M4_T_le_v4SPD16_eabi.lib</file>
         <name>div0.asm.obj</name>
      </input_file>
      <input_file id="fl-f5">
         <path>C:\ti\TivaWare_C_Series-2.2.0.295\driverlib\ccs\Debug\</path>
         <kind>archive</kind>
         <file>driverlib.lib</file>
         <name>interrupt.obj</name>
      </input_file>
      <input_file id="fl-f6">
         <path>C:\ti\TivaWare_C_Series-2.2.0.295\driverlib\ccs\Debug\</path>
         <kind>archive</kind>
         <file>driverlib.lib</file>
         <name>cpu.obj</name>
      </input_file>
   </input_file_list>
   <object_component_list>
      <object_component id="oc-12">
         <name>.intvecs</name>
         <load_address>0x0</load_address>
         <run_address>0x0</run_address>
         <size>0x26c</size>
         <input_file_ref idref="fl-9"/>
      </object_component>
      <object_component id="oc-d7">
         <name>.text</name>
         <load_address>0x26c</load_address>
         <run_address>0x26c</run_address>
         <size>0xc20</size>
         <input_file_ref idref="fl-6"/>
      </object_component>
      <object_component id="oc-239">
         <name>.text:__TI_printfi</name>
         <load_address>0xe8c</load_address>
         <run_address>0xe8c</run_address>
         <size>0xa4e</size>
         <input_file_ref idref="fl-e3"/>
      </object_component>
      <object_component id="oc-35b">
         <name>.text:_nop</name>
         <load_address>0x18da</load_address>
         <run_address>0x18da</run_address>
         <size>0x2</size>
         <input_file_ref idref="fl-ea"/>
      </object_component>
      <object_component id="oc-12c">
         <name>.text:pow</name>
         <load_address>0x18dc</load_address>
         <run_address>0x18dc</run_address>
         <size>0x9d0</size>
         <input_file_ref idref="fl-c5"/>
      </object_component>
      <object_component id="oc-a2">
         <name>.text</name>
         <load_address>0x22ac</load_address>
         <run_address>0x22ac</run_address>
         <size>0x864</size>
         <input_file_ref idref="fl-5"/>
      </object_component>
      <object_component id="oc-253">
         <name>.text:__kernel_rem_pio2</name>
         <load_address>0x2b10</load_address>
         <run_address>0x2b10</run_address>
         <size>0x738</size>
         <input_file_ref idref="fl-dc"/>
      </object_component>
      <object_component id="oc-13d">
         <name>.text:sin</name>
         <load_address>0x3248</load_address>
         <run_address>0x3248</run_address>
         <size>0x5e0</size>
         <input_file_ref idref="fl-c8"/>
      </object_component>
      <object_component id="oc-e3">
         <name>.text</name>
         <load_address>0x3828</load_address>
         <run_address>0x3828</run_address>
         <size>0x328</size>
         <input_file_ref idref="fl-4"/>
      </object_component>
      <object_component id="oc-fb">
         <name>.text</name>
         <load_address>0x3b50</load_address>
         <run_address>0x3b50</run_address>
         <size>0x314</size>
         <input_file_ref idref="fl-7"/>
      </object_component>
      <object_component id="oc-325">
         <name>.text:_pconv_a</name>
         <load_address>0x3e64</load_address>
         <run_address>0x3e64</run_address>
         <size>0x270</size>
         <input_file_ref idref="fl-e3"/>
      </object_component>
      <object_component id="oc-dd">
         <name>.text</name>
         <load_address>0x40d4</load_address>
         <run_address>0x40d4</run_address>
         <size>0x248</size>
         <input_file_ref idref="fl-2"/>
      </object_component>
      <object_component id="oc-313">
         <name>.text:_pconv_g</name>
         <load_address>0x431c</load_address>
         <run_address>0x431c</run_address>
         <size>0x1d0</size>
         <input_file_ref idref="fl-e3"/>
      </object_component>
      <object_component id="oc-108">
         <name>.text</name>
         <load_address>0x44ec</load_address>
         <run_address>0x44ec</run_address>
         <size>0x1b6</size>
         <input_file_ref idref="fl-cb"/>
      </object_component>
      <object_component id="oc-426">
         <name>.text</name>
         <load_address>0x46a2</load_address>
         <run_address>0x46a2</run_address>
         <size>0x2</size>
         <input_file_ref idref="fl-f4"/>
      </object_component>
      <object_component id="oc-ef">
         <name>.text</name>
         <load_address>0x46a4</load_address>
         <run_address>0x46a4</run_address>
         <size>0x178</size>
         <input_file_ref idref="fl-a"/>
      </object_component>
      <object_component id="oc-24d">
         <name>.text:__kernel_sin</name>
         <load_address>0x481c</load_address>
         <run_address>0x481c</run_address>
         <size>0x174</size>
         <input_file_ref idref="fl-e1"/>
      </object_component>
      <object_component id="oc-259">
         <name>.text:__kernel_cos</name>
         <load_address>0x4990</load_address>
         <run_address>0x4990</run_address>
         <size>0x170</size>
         <input_file_ref idref="fl-e0"/>
      </object_component>
      <object_component id="oc-21b">
         <name>.text:sqrt</name>
         <load_address>0x4b00</load_address>
         <run_address>0x4b00</run_address>
         <size>0x158</size>
         <input_file_ref idref="fl-c6"/>
      </object_component>
      <object_component id="oc-f5">
         <name>.text</name>
         <load_address>0x4c58</load_address>
         <run_address>0x4c58</run_address>
         <size>0x148</size>
         <input_file_ref idref="fl-8"/>
      </object_component>
      <object_component id="oc-31f">
         <name>.text:_pconv_e</name>
         <load_address>0x4da0</load_address>
         <run_address>0x4da0</run_address>
         <size>0x13c</size>
         <input_file_ref idref="fl-e3"/>
      </object_component>
      <object_component id="oc-1b2">
         <name>.text</name>
         <load_address>0x4edc</load_address>
         <run_address>0x4edc</run_address>
         <size>0x136</size>
         <input_file_ref idref="fl-cd"/>
      </object_component>
      <object_component id="oc-3cd">
         <name>.text:fcvt</name>
         <load_address>0x5014</load_address>
         <run_address>0x5014</run_address>
         <size>0x124</size>
         <input_file_ref idref="fl-e3"/>
      </object_component>
      <object_component id="oc-22a">
         <name>.text:scalbn</name>
         <load_address>0x5138</load_address>
         <run_address>0x5138</run_address>
         <size>0x110</size>
         <input_file_ref idref="fl-c7"/>
      </object_component>
      <object_component id="oc-37a">
         <name>.text:aligned_alloc</name>
         <load_address>0x5248</load_address>
         <run_address>0x5248</run_address>
         <size>0x100</size>
         <input_file_ref idref="fl-d9"/>
      </object_component>
      <object_component id="oc-132">
         <name>.text</name>
         <load_address>0x5348</load_address>
         <run_address>0x5348</run_address>
         <size>0xfc</size>
         <input_file_ref idref="fl-ce"/>
      </object_component>
      <object_component id="oc-349">
         <name>.text:floor</name>
         <load_address>0x5444</load_address>
         <run_address>0x5444</run_address>
         <size>0xf8</size>
         <input_file_ref idref="fl-e2"/>
      </object_component>
      <object_component id="oc-190">
         <name>.text:free</name>
         <load_address>0x553c</load_address>
         <run_address>0x553c</run_address>
         <size>0xe4</size>
         <input_file_ref idref="fl-d9"/>
      </object_component>
      <object_component id="oc-e9">
         <name>.text</name>
         <load_address>0x5620</load_address>
         <run_address>0x5620</run_address>
         <size>0xd4</size>
         <input_file_ref idref="fl-3"/>
      </object_component>
      <object_component id="oc-30d">
         <name>.text:_ltostr</name>
         <load_address>0x56f4</load_address>
         <run_address>0x56f4</run_address>
         <size>0xb1</size>
         <input_file_ref idref="fl-e3"/>
      </object_component>
      <object_component id="oc-3e">
         <name>.text</name>
         <load_address>0x57a6</load_address>
         <run_address>0x57a6</run_address>
         <size>0x9c</size>
         <input_file_ref idref="fl-d4"/>
      </object_component>
      <object_component id="oc-3b4">
         <name>.text</name>
         <load_address>0x5842</load_address>
         <run_address>0x5842</run_address>
         <size>0x96</size>
         <input_file_ref idref="fl-e5"/>
      </object_component>
      <object_component id="oc-117">
         <name>.text:__aeabi_cdcmple</name>
         <load_address>0x58d8</load_address>
         <run_address>0x58d8</run_address>
         <size>0x86</size>
         <input_file_ref idref="fl-cc"/>
      </object_component>
      <object_component id="oc-11c">
         <name>.text:__aeabi_cdrcmple</name>
         <load_address>0x595e</load_address>
         <run_address>0x595e</run_address>
         <size>0x86</size>
         <input_file_ref idref="fl-cc"/>
      </object_component>
      <object_component id="oc-96">
         <name>.text</name>
         <load_address>0x59e4</load_address>
         <run_address>0x59e4</run_address>
         <size>0x7a</size>
         <input_file_ref idref="fl-e4"/>
      </object_component>
      <object_component id="oc-416">
         <name>.text:split</name>
         <load_address>0x5a60</load_address>
         <run_address>0x5a60</run_address>
         <size>0x70</size>
         <input_file_ref idref="fl-d9"/>
      </object_component>
      <object_component id="oc-3c6">
         <name>.text:_mcpy</name>
         <load_address>0x5ad0</load_address>
         <run_address>0x5ad0</run_address>
         <size>0x6e</size>
         <input_file_ref idref="fl-e3"/>
      </object_component>
      <object_component id="oc-1ba">
         <name>.text</name>
         <load_address>0x5b3e</load_address>
         <run_address>0x5b3e</run_address>
         <size>0x6e</size>
         <input_file_ref idref="fl-d0"/>
      </object_component>
      <object_component id="oc-15">
         <name>.text:decompress:lzss:__TI_decompress_lzss</name>
         <load_address>0x5bac</load_address>
         <run_address>0x5bac</run_address>
         <size>0x68</size>
         <input_file_ref idref="fl-d8"/>
      </object_component>
      <object_component id="oc-3db">
         <name>.text:frexp</name>
         <load_address>0x5c14</load_address>
         <run_address>0x5c14</run_address>
         <size>0x64</size>
         <input_file_ref idref="fl-f3"/>
      </object_component>
      <object_component id="oc-319">
         <name>.text:_pconv_f</name>
         <load_address>0x5c78</load_address>
         <run_address>0x5c78</run_address>
         <size>0x56</size>
         <input_file_ref idref="fl-e3"/>
      </object_component>
      <object_component id="oc-3ba">
         <name>.text:__TI_ltoa</name>
         <load_address>0x5cce</load_address>
         <run_address>0x5cce</run_address>
         <size>0x54</size>
         <input_file_ref idref="fl-eb"/>
      </object_component>
      <object_component id="oc-3c0">
         <name>.text:_ecpy</name>
         <load_address>0x5d22</load_address>
         <run_address>0x5d22</run_address>
         <size>0x52</size>
         <input_file_ref idref="fl-e3"/>
      </object_component>
      <object_component id="oc-307">
         <name>.text:atoi</name>
         <load_address>0x5d74</load_address>
         <run_address>0x5d74</run_address>
         <size>0x4c</size>
         <input_file_ref idref="fl-ed"/>
      </object_component>
      <object_component id="oc-10d">
         <name>.text</name>
         <load_address>0x5dc0</load_address>
         <run_address>0x5dc0</run_address>
         <size>0x48</size>
         <input_file_ref idref="fl-cf"/>
      </object_component>
      <object_component id="oc-156">
         <name>.text:__TI_auto_init_nobinit_nopinit:__TI_auto_init_nobinit_nopinit</name>
         <load_address>0x5e08</load_address>
         <run_address>0x5e08</run_address>
         <size>0x44</size>
         <input_file_ref idref="fl-e6"/>
      </object_component>
      <object_component id="oc-1ea">
         <name>.text</name>
         <load_address>0x5e4c</load_address>
         <run_address>0x5e4c</run_address>
         <size>0x44</size>
         <input_file_ref idref="fl-d1"/>
      </object_component>
      <object_component id="oc-137">
         <name>.text:sprintf</name>
         <load_address>0x5e90</load_address>
         <run_address>0x5e90</run_address>
         <size>0x40</size>
         <input_file_ref idref="fl-c9"/>
      </object_component>
      <object_component id="oc-1d3">
         <name>.text:vsnprintf</name>
         <load_address>0x5ed0</load_address>
         <run_address>0x5ed0</run_address>
         <size>0x40</size>
         <input_file_ref idref="fl-ca"/>
      </object_component>
      <object_component id="oc-3d3">
         <name>.text:_fcpy</name>
         <load_address>0x5f10</load_address>
         <run_address>0x5f10</run_address>
         <size>0x3e</size>
         <input_file_ref idref="fl-e3"/>
      </object_component>
      <object_component id="oc-18a">
         <name>.text:calloc</name>
         <load_address>0x5f50</load_address>
         <run_address>0x5f50</run_address>
         <size>0x38</size>
         <input_file_ref idref="fl-d9"/>
      </object_component>
      <object_component id="oc-112">
         <name>.text</name>
         <load_address>0x5f88</load_address>
         <run_address>0x5f88</run_address>
         <size>0x38</size>
         <input_file_ref idref="fl-d2"/>
      </object_component>
      <object_component id="oc-1a3">
         <name>.text:IntRegister</name>
         <load_address>0x5fc0</load_address>
         <run_address>0x5fc0</run_address>
         <size>0x34</size>
         <input_file_ref idref="fl-f5"/>
      </object_component>
      <object_component id="oc-5c">
         <name>.text:_c_int00_noargs:_c_int00_noargs</name>
         <load_address>0x5ff4</load_address>
         <run_address>0x5ff4</run_address>
         <size>0x34</size>
         <input_file_ref idref="fl-dd"/>
      </object_component>
      <object_component id="oc-2bb">
         <name>.text:_outs</name>
         <load_address>0x6028</load_address>
         <run_address>0x6028</run_address>
         <size>0x30</size>
         <input_file_ref idref="fl-ca"/>
      </object_component>
      <object_component id="oc-127">
         <name>.text</name>
         <load_address>0x6058</load_address>
         <run_address>0x6058</run_address>
         <size>0x2e</size>
         <input_file_ref idref="fl-d3"/>
      </object_component>
      <object_component id="oc-292">
         <name>.text:free_list_insert</name>
         <load_address>0x6088</load_address>
         <run_address>0x6088</run_address>
         <size>0x28</size>
         <input_file_ref idref="fl-d9"/>
      </object_component>
      <object_component id="oc-1f4">
         <name>.text</name>
         <load_address>0x60b0</load_address>
         <run_address>0x60b0</run_address>
         <size>0x20</size>
         <input_file_ref idref="fl-d5"/>
      </object_component>
      <object_component id="oc-4a">
         <name>.text:decompress:ZI:__TI_zero_init_nomemset:__TI_zero_init_nomemset</name>
         <load_address>0x60d0</load_address>
         <run_address>0x60d0</run_address>
         <size>0x1c</size>
         <input_file_ref idref="fl-d6"/>
      </object_component>
      <object_component id="oc-28c">
         <name>.text:free_list_remove</name>
         <load_address>0x60ec</load_address>
         <run_address>0x60ec</run_address>
         <size>0x1c</size>
         <input_file_ref idref="fl-d9"/>
      </object_component>
      <object_component id="oc-32b">
         <name>.text:memccpy</name>
         <load_address>0x6108</load_address>
         <run_address>0x6108</run_address>
         <size>0x1c</size>
         <input_file_ref idref="fl-ef"/>
      </object_component>
      <object_component id="oc-2ed">
         <name>.text:copysign</name>
         <load_address>0x6124</load_address>
         <run_address>0x6124</run_address>
         <size>0x1a</size>
         <input_file_ref idref="fl-df"/>
      </object_component>
      <object_component id="oc-2c1">
         <name>.text:_outc</name>
         <load_address>0x613e</load_address>
         <run_address>0x613e</run_address>
         <size>0x18</size>
         <input_file_ref idref="fl-ca"/>
      </object_component>
      <object_component id="oc-23f">
         <name>.text:_outs</name>
         <load_address>0x6156</load_address>
         <run_address>0x6156</run_address>
         <size>0x18</size>
         <input_file_ref idref="fl-c9"/>
      </object_component>
      <object_component id="oc-196">
         <name>.text:oi_parseInt</name>
         <load_address>0x616e</load_address>
         <run_address>0x616e</run_address>
         <size>0x18</size>
         <input_file_ref idref="fl-6"/>
      </object_component>
      <object_component id="oc-19d">
         <name>.text:strcmp</name>
         <load_address>0x6186</load_address>
         <run_address>0x6186</run_address>
         <size>0x18</size>
         <input_file_ref idref="fl-da"/>
      </object_component>
      <object_component id="oc-3e1">
         <name>.text:strchr</name>
         <load_address>0x619e</load_address>
         <run_address>0x619e</run_address>
         <size>0x16</size>
         <input_file_ref idref="fl-f0"/>
      </object_component>
      <object_component id="oc-1d9">
         <name>.text:strcpy</name>
         <load_address>0x61b4</load_address>
         <run_address>0x61b4</run_address>
         <size>0x14</size>
         <input_file_ref idref="fl-db"/>
      </object_component>
      <object_component id="oc-301">
         <name>.text:strlen</name>
         <load_address>0x61c8</load_address>
         <run_address>0x61c8</run_address>
         <size>0x14</size>
         <input_file_ref idref="fl-f1"/>
      </object_component>
      <object_component id="oc-331">
         <name>.text:wcslen</name>
         <load_address>0x61dc</load_address>
         <run_address>0x61dc</run_address>
         <size>0x12</size>
         <input_file_ref idref="fl-f2"/>
      </object_component>
      <object_component id="oc-1a9">
         <name>.text:IntMasterEnable</name>
         <load_address>0x61ee</load_address>
         <run_address>0x61ee</run_address>
         <size>0x10</size>
         <input_file_ref idref="fl-f5"/>
      </object_component>
      <object_component id="oc-1cc">
         <name>.text:lcd_clear</name>
         <load_address>0x61fe</load_address>
         <run_address>0x61fe</run_address>
         <size>0x10</size>
         <input_file_ref idref="fl-4"/>
      </object_component>
      <object_component id="oc-1b">
         <name>.text:decompress:none:__TI_decompress_none</name>
         <load_address>0x620e</load_address>
         <run_address>0x620e</run_address>
         <size>0xe</size>
         <input_file_ref idref="fl-d7"/>
      </object_component>
      <object_component id="oc-2a5">
         <name>.text:CPUcpsie</name>
         <load_address>0x621c</load_address>
         <run_address>0x621c</run_address>
         <size>0xc</size>
         <input_file_ref idref="fl-f6"/>
      </object_component>
      <object_component id="oc-2a">
         <name>.text</name>
         <load_address>0x6228</load_address>
         <run_address>0x6228</run_address>
         <size>0xc</size>
         <input_file_ref idref="fl-9"/>
      </object_component>
      <object_component id="oc-245">
         <name>.text:_outc</name>
         <load_address>0x6234</load_address>
         <run_address>0x6234</run_address>
         <size>0xa</size>
         <input_file_ref idref="fl-c9"/>
      </object_component>
      <object_component id="oc-101">
         <name>.text:lcd_home</name>
         <load_address>0x623e</load_address>
         <run_address>0x623e</run_address>
         <size>0xa</size>
         <input_file_ref idref="fl-4"/>
      </object_component>
      <object_component id="oc-221">
         <name>.text:__aeabi_errno_addr</name>
         <load_address>0x6248</load_address>
         <run_address>0x6248</run_address>
         <size>0x8</size>
         <input_file_ref idref="fl-de"/>
      </object_component>
      <object_component id="oc-285">
         <name>.text:malloc</name>
         <load_address>0x6250</load_address>
         <run_address>0x6250</run_address>
         <size>0x8</size>
         <input_file_ref idref="fl-d9"/>
      </object_component>
      <object_component id="oc-9c">
         <name>.text:_system_pre_init</name>
         <load_address>0x6258</load_address>
         <run_address>0x6258</run_address>
         <size>0x4</size>
         <input_file_ref idref="fl-e7"/>
      </object_component>
      <object_component id="oc-14a">
         <name>.text:abort:abort</name>
         <load_address>0x625c</load_address>
         <run_address>0x625c</run_address>
         <size>0x4</size>
         <input_file_ref idref="fl-e9"/>
      </object_component>
      <object_component id="oc-34f">
         <name>.const:$O1$$</name>
         <load_address>0x6260</load_address>
         <run_address>0x6260</run_address>
         <size>0x158</size>
         <input_file_ref idref="fl-dc"/>
      </object_component>
      <object_component id="oc-3af">
         <name>.const:.string:_ctypes_</name>
         <load_address>0x63b8</load_address>
         <run_address>0x63b8</run_address>
         <size>0x101</size>
         <input_file_ref idref="fl-ee"/>
      </object_component>
      <object_component id="oc-146">
         <name>.const:.string:$P$T1$2</name>
         <load_address>0x64b9</load_address>
         <run_address>0x64b9</run_address>
         <size>0x38</size>
         <input_file_ref idref="fl-5"/>
      </object_component>
      <object_component id="oc-1df">
         <name>.const:.string:lineAddress$1</name>
         <load_address>0x64f1</load_address>
         <run_address>0x64f1</run_address>
         <size>0x4</size>
         <input_file_ref idref="fl-4"/>
      </object_component>
      <object_component id="oc-227">
         <name>.const:$O1$$</name>
         <load_address>0x64f8</load_address>
         <run_address>0x64f8</run_address>
         <size>0x30</size>
         <input_file_ref idref="fl-c5"/>
      </object_component>
      <object_component id="oc-143">
         <name>.const:.string:$P$T0$1</name>
         <load_address>0x6528</load_address>
         <run_address>0x6528</run_address>
         <size>0x19</size>
         <input_file_ref idref="fl-5"/>
      </object_component>
      <object_component id="oc-1b7">
         <name>.const:.string:$P$T0$3</name>
         <load_address>0x6541</load_address>
         <run_address>0x6541</run_address>
         <size>0xf</size>
         <input_file_ref idref="fl-6"/>
      </object_component>
      <object_component id="oc-1e0">
         <name>.const:.string:lineAddresses$2</name>
         <load_address>0x6550</load_address>
         <run_address>0x6550</run_address>
         <size>0x4</size>
         <input_file_ref idref="fl-4"/>
      </object_component>
      <object_component id="oc-47c">
         <name>.cinit..data.load</name>
         <load_address>0x6558</load_address>
         <run_address>0x6558</run_address>
         <size>0x22</size>
      </object_component>
      <object_component id="oc-479">
         <name>__TI_handler_table</name>
         <load_address>0x657c</load_address>
         <run_address>0x657c</run_address>
         <size>0xc</size>
      </object_component>
      <object_component id="oc-47d">
         <name>.cinit..bss.load</name>
         <load_address>0x6588</load_address>
         <run_address>0x6588</run_address>
         <size>0x8</size>
      </object_component>
      <object_component id="oc-47b">
         <name>.cinit..vtable.load</name>
         <load_address>0x6590</load_address>
         <run_address>0x6590</run_address>
         <size>0x8</size>
      </object_component>
      <object_component id="oc-47a">
         <name>__TI_cinit_table</name>
         <load_address>0x6598</load_address>
         <run_address>0x6598</run_address>
         <size>0x18</size>
      </object_component>
      <object_component id="oc-29b">
         <name>.vtable</name>
         <uninitialized>true</uninitialized>
         <run_address>0x20000000</run_address>
         <size>0x26c</size>
         <input_file_ref idref="fl-f5"/>
      </object_component>
      <object_component id="oc-1c7">
         <name>.data</name>
         <load_address>0x2000232c</load_address>
         <run_address>0x2000232c</run_address>
         <size>0x1</size>
         <input_file_ref idref="fl-2"/>
      </object_component>
      <object_component id="oc-1f0">
         <name>.data</name>
         <load_address>0x2000231c</load_address>
         <run_address>0x2000231c</run_address>
         <size>0x8</size>
         <input_file_ref idref="fl-5"/>
      </object_component>
      <object_component id="oc-1af">
         <name>.data</name>
         <load_address>0x200022ec</load_address>
         <run_address>0x200022ec</run_address>
         <size>0x20</size>
         <input_file_ref idref="fl-6"/>
      </object_component>
      <object_component id="oc-1fe">
         <name>.data</name>
         <load_address>0x20002324</load_address>
         <run_address>0x20002324</run_address>
         <size>0x4</size>
         <input_file_ref idref="fl-7"/>
      </object_component>
      <object_component id="oc-381">
         <name>.data:$O1$$</name>
         <load_address>0x20002314</load_address>
         <run_address>0x20002314</run_address>
         <size>0x8</size>
         <input_file_ref idref="fl-d9"/>
      </object_component>
      <object_component id="oc-2e6">
         <name>.data</name>
         <load_address>0x20002328</load_address>
         <run_address>0x20002328</run_address>
         <size>0x4</size>
         <input_file_ref idref="fl-de"/>
      </object_component>
      <object_component id="oc-269">
         <name>.data:$O1$$</name>
         <load_address>0x2000230c</load_address>
         <run_address>0x2000230c</run_address>
         <size>0x8</size>
         <input_file_ref idref="fl-ea"/>
      </object_component>
      <object_component id="oc-1e1">
         <name>.bss:lastbuffer$3</name>
         <uninitialized>true</uninitialized>
         <run_address>0x20002270</run_address>
         <size>0x54</size>
         <input_file_ref idref="fl-4"/>
      </object_component>
      <object_component id="oc-1bf">
         <name>.bss:firmware$2</name>
         <uninitialized>true</uninitialized>
         <run_address>0x200022c4</run_address>
         <size>0x18</size>
         <input_file_ref idref="fl-6"/>
      </object_component>
      <object_component id="oc-1ca">
         <name>.common:_timeout_ticks</name>
         <uninitialized>true</uninitialized>
         <run_address>0x200022dc</run_address>
         <size>0x4</size>
      </object_component>
      <object_component id="oc-126">
         <name>.common:uart_data</name>
         <uninitialized>true</uninitialized>
         <run_address>0x200022ea</run_address>
         <size>0x1</size>
      </object_component>
      <object_component id="oc-121">
         <name>.common:flag</name>
         <uninitialized>true</uninitialized>
         <run_address>0x200022e8</run_address>
         <size>0x1</size>
      </object_component>
      <object_component id="oc-1f9">
         <name>.common:state</name>
         <uninitialized>true</uninitialized>
         <run_address>0x200022e9</run_address>
         <size>0x1</size>
      </object_component>
      <object_component id="oc-1fc">
         <name>.common:rising_time</name>
         <uninitialized>true</uninitialized>
         <run_address>0x200022e4</run_address>
         <size>0x4</size>
      </object_component>
      <object_component id="oc-1fd">
         <name>.common:falling_time</name>
         <uninitialized>true</uninitialized>
         <run_address>0x200022e0</run_address>
         <size>0x4</size>
      </object_component>
      <object_component id="oc-24">
         <name>.sysmem</name>
         <uninitialized>true</uninitialized>
         <run_address>0x20001270</run_address>
         <size>0x10</size>
         <input_file_ref idref="fl-d9"/>
      </object_component>
      <object_component id="oc-480">
         <name>.sysmem</name>
         <uninitialized>true</uninitialized>
         <run_address>0x20001270</run_address>
         <size>0x0</size>
      </object_component>
      <object_component id="oc-27">
         <name>.stack</name>
         <uninitialized>true</uninitialized>
         <run_address>0x20000270</run_address>
         <size>0x4</size>
         <input_file_ref idref="fl-dd"/>
      </object_component>
      <object_component id="oc-47f">
         <name>.stack</name>
         <uninitialized>true</uninitialized>
         <run_address>0x20000270</run_address>
         <size>0x0</size>
      </object_component>
      <object_component id="oc-c5">
         <name>.debug_info</name>
         <load_address>0x0</load_address>
         <run_address>0x0</run_address>
         <size>0x2ba</size>
         <input_file_ref idref="fl-2"/>
      </object_component>
      <object_component id="oc-1c8">
         <name>.debug_info</name>
         <load_address>0x2ba</load_address>
         <run_address>0x2ba</run_address>
         <size>0xc8</size>
         <input_file_ref idref="fl-2"/>
      </object_component>
      <object_component id="oc-de">
         <name>.debug_info</name>
         <load_address>0x382</load_address>
         <run_address>0x382</run_address>
         <size>0x510</size>
         <input_file_ref idref="fl-2"/>
      </object_component>
      <object_component id="oc-77">
         <name>.debug_info</name>
         <load_address>0x892</load_address>
         <run_address>0x892</run_address>
         <size>0x26b</size>
         <input_file_ref idref="fl-2"/>
      </object_component>
      <object_component id="oc-39">
         <name>.debug_info</name>
         <load_address>0xafd</load_address>
         <run_address>0xafd</run_address>
         <size>0x84</size>
         <input_file_ref idref="fl-2"/>
      </object_component>
      <object_component id="oc-c0">
         <name>.debug_info</name>
         <load_address>0xb81</load_address>
         <run_address>0xb81</run_address>
         <size>0x2a4</size>
         <input_file_ref idref="fl-2"/>
      </object_component>
      <object_component id="oc-7c">
         <name>.debug_info</name>
         <load_address>0xe25</load_address>
         <run_address>0xe25</run_address>
         <size>0xbb</size>
         <input_file_ref idref="fl-2"/>
      </object_component>
      <object_component id="oc-2e3">
         <name>.debug_info</name>
         <load_address>0xee0</load_address>
         <run_address>0xee0</run_address>
         <size>0x25d</size>
         <input_file_ref idref="fl-3"/>
      </object_component>
      <object_component id="oc-ec">
         <name>.debug_info</name>
         <load_address>0x113d</load_address>
         <run_address>0x113d</run_address>
         <size>0x133</size>
         <input_file_ref idref="fl-3"/>
      </object_component>
      <object_component id="oc-2b4">
         <name>.debug_info</name>
         <load_address>0x1270</load_address>
         <run_address>0x1270</run_address>
         <size>0xcc</size>
         <input_file_ref idref="fl-3"/>
      </object_component>
      <object_component id="oc-1e4">
         <name>.debug_info</name>
         <load_address>0x133c</load_address>
         <run_address>0x133c</run_address>
         <size>0x2c</size>
         <input_file_ref idref="fl-3"/>
      </object_component>
      <object_component id="oc-213">
         <name>.debug_info</name>
         <load_address>0x1368</load_address>
         <run_address>0x1368</run_address>
         <size>0x35</size>
         <input_file_ref idref="fl-3"/>
      </object_component>
      <object_component id="oc-1e3">
         <name>.debug_info</name>
         <load_address>0x139d</load_address>
         <run_address>0x139d</run_address>
         <size>0x388</size>
         <input_file_ref idref="fl-4"/>
      </object_component>
      <object_component id="oc-1cd">
         <name>.debug_info</name>
         <load_address>0x1725</load_address>
         <run_address>0x1725</run_address>
         <size>0x11d</size>
         <input_file_ref idref="fl-4"/>
      </object_component>
      <object_component id="oc-102">
         <name>.debug_info</name>
         <load_address>0x1842</load_address>
         <run_address>0x1842</run_address>
         <size>0x104</size>
         <input_file_ref idref="fl-4"/>
      </object_component>
      <object_component id="oc-e5">
         <name>.debug_info</name>
         <load_address>0x1946</load_address>
         <run_address>0x1946</run_address>
         <size>0x8a9</size>
         <input_file_ref idref="fl-4"/>
      </object_component>
      <object_component id="oc-122">
         <name>.debug_info</name>
         <load_address>0x21ef</load_address>
         <run_address>0x21ef</run_address>
         <size>0x63b</size>
         <input_file_ref idref="fl-5"/>
      </object_component>
      <object_component id="oc-1f1">
         <name>.debug_info</name>
         <load_address>0x282a</load_address>
         <run_address>0x282a</run_address>
         <size>0x11a</size>
         <input_file_ref idref="fl-5"/>
      </object_component>
      <object_component id="oc-144">
         <name>.debug_info</name>
         <load_address>0x2944</load_address>
         <run_address>0x2944</run_address>
         <size>0xc4</size>
         <input_file_ref idref="fl-5"/>
      </object_component>
      <object_component id="oc-147">
         <name>.debug_info</name>
         <load_address>0x2a08</load_address>
         <run_address>0x2a08</run_address>
         <size>0xc4</size>
         <input_file_ref idref="fl-5"/>
      </object_component>
      <object_component id="oc-a3">
         <name>.debug_info</name>
         <load_address>0x2acc</load_address>
         <run_address>0x2acc</run_address>
         <size>0xcc7</size>
         <input_file_ref idref="fl-5"/>
      </object_component>
      <object_component id="oc-20e">
         <name>.debug_info</name>
         <load_address>0x3793</load_address>
         <run_address>0x3793</run_address>
         <size>0xfb</size>
         <input_file_ref idref="fl-5"/>
      </object_component>
      <object_component id="oc-209">
         <name>.debug_info</name>
         <load_address>0x388e</load_address>
         <run_address>0x388e</run_address>
         <size>0x5aa</size>
         <input_file_ref idref="fl-5"/>
      </object_component>
      <object_component id="oc-1c1">
         <name>.debug_info</name>
         <load_address>0x3e38</load_address>
         <run_address>0x3e38</run_address>
         <size>0x405</size>
         <input_file_ref idref="fl-6"/>
      </object_component>
      <object_component id="oc-1b0">
         <name>.debug_info</name>
         <load_address>0x423d</load_address>
         <run_address>0x423d</run_address>
         <size>0x11a</size>
         <input_file_ref idref="fl-6"/>
      </object_component>
      <object_component id="oc-1b8">
         <name>.debug_info</name>
         <load_address>0x4357</load_address>
         <run_address>0x4357</run_address>
         <size>0xcf</size>
         <input_file_ref idref="fl-6"/>
      </object_component>
      <object_component id="oc-197">
         <name>.debug_info</name>
         <load_address>0x4426</load_address>
         <run_address>0x4426</run_address>
         <size>0x147</size>
         <input_file_ref idref="fl-6"/>
      </object_component>
      <object_component id="oc-d8">
         <name>.debug_info</name>
         <load_address>0x456d</load_address>
         <run_address>0x456d</run_address>
         <size>0x1991</size>
         <input_file_ref idref="fl-6"/>
      </object_component>
      <object_component id="oc-1c2">
         <name>.debug_info</name>
         <load_address>0x5efe</load_address>
         <run_address>0x5efe</run_address>
         <size>0x8b</size>
         <input_file_ref idref="fl-6"/>
      </object_component>
      <object_component id="oc-1fa">
         <name>.debug_info</name>
         <load_address>0x5f89</load_address>
         <run_address>0x5f89</run_address>
         <size>0x364</size>
         <input_file_ref idref="fl-7"/>
      </object_component>
      <object_component id="oc-1ff">
         <name>.debug_info</name>
         <load_address>0x62ed</load_address>
         <run_address>0x62ed</run_address>
         <size>0xc7</size>
         <input_file_ref idref="fl-7"/>
      </object_component>
      <object_component id="oc-fd">
         <name>.debug_info</name>
         <load_address>0x63b4</load_address>
         <run_address>0x63b4</run_address>
         <size>0x429</size>
         <input_file_ref idref="fl-7"/>
      </object_component>
      <object_component id="oc-2dd">
         <name>.debug_info</name>
         <load_address>0x67dd</load_address>
         <run_address>0x67dd</run_address>
         <size>0x44</size>
         <input_file_ref idref="fl-7"/>
      </object_component>
      <object_component id="oc-f8">
         <name>.debug_info</name>
         <load_address>0x6821</load_address>
         <run_address>0x6821</run_address>
         <size>0x21a</size>
         <input_file_ref idref="fl-8"/>
      </object_component>
      <object_component id="oc-32">
         <name>.debug_info</name>
         <load_address>0x6a3b</load_address>
         <run_address>0x6a3b</run_address>
         <size>0x2a4</size>
         <input_file_ref idref="fl-9"/>
      </object_component>
      <object_component id="oc-13">
         <name>.debug_info</name>
         <load_address>0x6cdf</load_address>
         <run_address>0x6cdf</run_address>
         <size>0xe3</size>
         <input_file_ref idref="fl-9"/>
      </object_component>
      <object_component id="oc-2b">
         <name>.debug_info</name>
         <load_address>0x6dc2</load_address>
         <run_address>0x6dc2</run_address>
         <size>0x25f</size>
         <input_file_ref idref="fl-9"/>
      </object_component>
      <object_component id="oc-124">
         <name>.debug_info</name>
         <load_address>0x7021</load_address>
         <run_address>0x7021</run_address>
         <size>0x2de</size>
         <input_file_ref idref="fl-a"/>
      </object_component>
      <object_component id="oc-f1">
         <name>.debug_info</name>
         <load_address>0x72ff</load_address>
         <run_address>0x72ff</run_address>
         <size>0x41b</size>
         <input_file_ref idref="fl-a"/>
      </object_component>
      <object_component id="oc-236">
         <name>.debug_info</name>
         <load_address>0x771a</load_address>
         <run_address>0x771a</run_address>
         <size>0x35e</size>
         <input_file_ref idref="fl-c5"/>
      </object_component>
      <object_component id="oc-228">
         <name>.debug_info</name>
         <load_address>0x7a78</load_address>
         <run_address>0x7a78</run_address>
         <size>0x128</size>
         <input_file_ref idref="fl-c5"/>
      </object_component>
      <object_component id="oc-12e">
         <name>.debug_info</name>
         <load_address>0x7ba0</load_address>
         <run_address>0x7ba0</run_address>
         <size>0xbf2</size>
         <input_file_ref idref="fl-c5"/>
      </object_component>
      <object_component id="oc-2fa">
         <name>.debug_info</name>
         <load_address>0x8792</load_address>
         <run_address>0x8792</run_address>
         <size>0x46</size>
         <input_file_ref idref="fl-c5"/>
      </object_component>
      <object_component id="oc-231">
         <name>.debug_info</name>
         <load_address>0x87d8</load_address>
         <run_address>0x87d8</run_address>
         <size>0x39</size>
         <input_file_ref idref="fl-c5"/>
      </object_component>
      <object_component id="oc-2e5">
         <name>.debug_info</name>
         <load_address>0x8811</load_address>
         <run_address>0x8811</run_address>
         <size>0x2c5</size>
         <input_file_ref idref="fl-c6"/>
      </object_component>
      <object_component id="oc-21d">
         <name>.debug_info</name>
         <load_address>0x8ad6</load_address>
         <run_address>0x8ad6</run_address>
         <size>0x24e</size>
         <input_file_ref idref="fl-c6"/>
      </object_component>
      <object_component id="oc-2f4">
         <name>.debug_info</name>
         <load_address>0x8d24</load_address>
         <run_address>0x8d24</run_address>
         <size>0x2f8</size>
         <input_file_ref idref="fl-c7"/>
      </object_component>
      <object_component id="oc-22e">
         <name>.debug_info</name>
         <load_address>0x901c</load_address>
         <run_address>0x901c</run_address>
         <size>0x225</size>
         <input_file_ref idref="fl-c7"/>
      </object_component>
      <object_component id="oc-3a8">
         <name>.debug_info</name>
         <load_address>0x9241</load_address>
         <run_address>0x9241</run_address>
         <size>0x39</size>
         <input_file_ref idref="fl-c7"/>
      </object_component>
      <object_component id="oc-2f5">
         <name>.debug_info</name>
         <load_address>0x927a</load_address>
         <run_address>0x927a</run_address>
         <size>0x2c</size>
         <input_file_ref idref="fl-c7"/>
      </object_component>
      <object_component id="oc-260">
         <name>.debug_info</name>
         <load_address>0x92a6</load_address>
         <run_address>0x92a6</run_address>
         <size>0x361</size>
         <input_file_ref idref="fl-c8"/>
      </object_component>
      <object_component id="oc-140">
         <name>.debug_info</name>
         <load_address>0x9607</load_address>
         <run_address>0x9607</run_address>
         <size>0x7ae</size>
         <input_file_ref idref="fl-c8"/>
      </object_component>
      <object_component id="oc-24c">
         <name>.debug_info</name>
         <load_address>0x9db5</load_address>
         <run_address>0x9db5</run_address>
         <size>0x333</size>
         <input_file_ref idref="fl-c9"/>
      </object_component>
      <object_component id="oc-13a">
         <name>.debug_info</name>
         <load_address>0xa0e8</load_address>
         <run_address>0xa0e8</run_address>
         <size>0x1d1</size>
         <input_file_ref idref="fl-c9"/>
      </object_component>
      <object_component id="oc-243">
         <name>.debug_info</name>
         <load_address>0xa2b9</load_address>
         <run_address>0xa2b9</run_address>
         <size>0x18d</size>
         <input_file_ref idref="fl-c9"/>
      </object_component>
      <object_component id="oc-249">
         <name>.debug_info</name>
         <load_address>0xa446</load_address>
         <run_address>0xa446</run_address>
         <size>0x16d</size>
         <input_file_ref idref="fl-c9"/>
      </object_component>
      <object_component id="oc-2c9">
         <name>.debug_info</name>
         <load_address>0xa5b3</load_address>
         <run_address>0xa5b3</run_address>
         <size>0x2c</size>
         <input_file_ref idref="fl-c9"/>
      </object_component>
      <object_component id="oc-2c8">
         <name>.debug_info</name>
         <load_address>0xa5df</load_address>
         <run_address>0xa5df</run_address>
         <size>0x340</size>
         <input_file_ref idref="fl-ca"/>
      </object_component>
      <object_component id="oc-1d4">
         <name>.debug_info</name>
         <load_address>0xa91f</load_address>
         <run_address>0xa91f</run_address>
         <size>0x208</size>
         <input_file_ref idref="fl-ca"/>
      </object_component>
      <object_component id="oc-2bc">
         <name>.debug_info</name>
         <load_address>0xab27</load_address>
         <run_address>0xab27</run_address>
         <size>0x1c6</size>
         <input_file_ref idref="fl-ca"/>
      </object_component>
      <object_component id="oc-2c2">
         <name>.debug_info</name>
         <load_address>0xaced</load_address>
         <run_address>0xaced</run_address>
         <size>0x179</size>
         <input_file_ref idref="fl-ca"/>
      </object_component>
      <object_component id="oc-2ce">
         <name>.debug_info</name>
         <load_address>0xae66</load_address>
         <run_address>0xae66</run_address>
         <size>0x69</size>
         <input_file_ref idref="fl-ca"/>
      </object_component>
      <object_component id="oc-109">
         <name>.debug_info</name>
         <load_address>0xaecf</load_address>
         <run_address>0xaecf</run_address>
         <size>0x14c</size>
         <input_file_ref idref="fl-cb"/>
      </object_component>
      <object_component id="oc-11a">
         <name>.debug_info</name>
         <load_address>0xb01b</load_address>
         <run_address>0xb01b</run_address>
         <size>0x128</size>
         <input_file_ref idref="fl-cc"/>
      </object_component>
      <object_component id="oc-11d">
         <name>.debug_info</name>
         <load_address>0xb143</load_address>
         <run_address>0xb143</run_address>
         <size>0x12a</size>
         <input_file_ref idref="fl-cc"/>
      </object_component>
      <object_component id="oc-1b3">
         <name>.debug_info</name>
         <load_address>0xb26d</load_address>
         <run_address>0xb26d</run_address>
         <size>0x13a</size>
         <input_file_ref idref="fl-cd"/>
      </object_component>
      <object_component id="oc-133">
         <name>.debug_info</name>
         <load_address>0xb3a7</load_address>
         <run_address>0xb3a7</run_address>
         <size>0x13a</size>
         <input_file_ref idref="fl-ce"/>
      </object_component>
      <object_component id="oc-10f">
         <name>.debug_info</name>
         <load_address>0xb4e1</load_address>
         <run_address>0xb4e1</run_address>
         <size>0x12e</size>
         <input_file_ref idref="fl-cf"/>
      </object_component>
      <object_component id="oc-1bd">
         <name>.debug_info</name>
         <load_address>0xb60f</load_address>
         <run_address>0xb60f</run_address>
         <size>0x13e</size>
         <input_file_ref idref="fl-d0"/>
      </object_component>
      <object_component id="oc-1ec">
         <name>.debug_info</name>
         <load_address>0xb74d</load_address>
         <run_address>0xb74d</run_address>
         <size>0x139</size>
         <input_file_ref idref="fl-d1"/>
      </object_component>
      <object_component id="oc-113">
         <name>.debug_info</name>
         <load_address>0xb886</load_address>
         <run_address>0xb886</run_address>
         <size>0x12c</size>
         <input_file_ref idref="fl-d2"/>
      </object_component>
      <object_component id="oc-128">
         <name>.debug_info</name>
         <load_address>0xb9b2</load_address>
         <run_address>0xb9b2</run_address>
         <size>0x12c</size>
         <input_file_ref idref="fl-d3"/>
      </object_component>
      <object_component id="oc-3f">
         <name>.debug_info</name>
         <load_address>0xbade</load_address>
         <run_address>0xbade</run_address>
         <size>0x119</size>
         <input_file_ref idref="fl-d4"/>
      </object_component>
      <object_component id="oc-1f7">
         <name>.debug_info</name>
         <load_address>0xbbf7</load_address>
         <run_address>0xbbf7</run_address>
         <size>0x12e</size>
         <input_file_ref idref="fl-d5"/>
      </object_component>
      <object_component id="oc-95">
         <name>.debug_info</name>
         <load_address>0xbd25</load_address>
         <run_address>0xbd25</run_address>
         <size>0x2d4</size>
         <input_file_ref idref="fl-d6"/>
      </object_component>
      <object_component id="oc-4c">
         <name>.debug_info</name>
         <load_address>0xbff9</load_address>
         <run_address>0xbff9</run_address>
         <size>0x1d2</size>
         <input_file_ref idref="fl-d6"/>
      </object_component>
      <object_component id="oc-90">
         <name>.debug_info</name>
         <load_address>0xc1cb</load_address>
         <run_address>0xc1cb</run_address>
         <size>0x46</size>
         <input_file_ref idref="fl-d6"/>
      </object_component>
      <object_component id="oc-ce">
         <name>.debug_info</name>
         <load_address>0xc211</load_address>
         <run_address>0xc211</run_address>
         <size>0x2c</size>
         <input_file_ref idref="fl-d6"/>
      </object_component>
      <object_component id="oc-49">
         <name>.debug_info</name>
         <load_address>0xc23d</load_address>
         <run_address>0xc23d</run_address>
         <size>0x2a8</size>
         <input_file_ref idref="fl-d7"/>
      </object_component>
      <object_component id="oc-1c">
         <name>.debug_info</name>
         <load_address>0xc4e5</load_address>
         <run_address>0xc4e5</run_address>
         <size>0x1ea</size>
         <input_file_ref idref="fl-d7"/>
      </object_component>
      <object_component id="oc-44">
         <name>.debug_info</name>
         <load_address>0xc6cf</load_address>
         <run_address>0xc6cf</run_address>
         <size>0x46</size>
         <input_file_ref idref="fl-d7"/>
      </object_component>
      <object_component id="oc-88">
         <name>.debug_info</name>
         <load_address>0xc715</load_address>
         <run_address>0xc715</run_address>
         <size>0x2c</size>
         <input_file_ref idref="fl-d7"/>
      </object_component>
      <object_component id="oc-86">
         <name>.debug_info</name>
         <load_address>0xc741</load_address>
         <run_address>0xc741</run_address>
         <size>0x29e</size>
         <input_file_ref idref="fl-d8"/>
      </object_component>
      <object_component id="oc-19">
         <name>.debug_info</name>
         <load_address>0xc9df</load_address>
         <run_address>0xc9df</run_address>
         <size>0x250</size>
         <input_file_ref idref="fl-d8"/>
      </object_component>
      <object_component id="oc-34">
         <name>.debug_info</name>
         <load_address>0xcc2f</load_address>
         <run_address>0xcc2f</run_address>
         <size>0x60</size>
         <input_file_ref idref="fl-d8"/>
      </object_component>
      <object_component id="oc-c7">
         <name>.debug_info</name>
         <load_address>0xcc8f</load_address>
         <run_address>0xcc8f</run_address>
         <size>0x46</size>
         <input_file_ref idref="fl-d8"/>
      </object_component>
      <object_component id="oc-81">
         <name>.debug_info</name>
         <load_address>0xccd5</load_address>
         <run_address>0xccd5</run_address>
         <size>0x39</size>
         <input_file_ref idref="fl-d8"/>
      </object_component>
      <object_component id="oc-70">
         <name>.debug_info</name>
         <load_address>0xcd0e</load_address>
         <run_address>0xcd0e</run_address>
         <size>0x3b2</size>
         <input_file_ref idref="fl-d9"/>
      </object_component>
      <object_component id="oc-25">
         <name>.debug_info</name>
         <load_address>0xd0c0</load_address>
         <run_address>0xd0c0</run_address>
         <size>0x10c</size>
         <input_file_ref idref="fl-d9"/>
      </object_component>
      <object_component id="oc-382">
         <name>.debug_info</name>
         <load_address>0xd1cc</load_address>
         <run_address>0xd1cc</run_address>
         <size>0x13f</size>
         <input_file_ref idref="fl-d9"/>
      </object_component>
      <object_component id="oc-289">
         <name>.debug_info</name>
         <load_address>0xd30b</load_address>
         <run_address>0xd30b</run_address>
         <size>0x168</size>
         <input_file_ref idref="fl-d9"/>
      </object_component>
      <object_component id="oc-290">
         <name>.debug_info</name>
         <load_address>0xd473</load_address>
         <run_address>0xd473</run_address>
         <size>0x18e</size>
         <input_file_ref idref="fl-d9"/>
      </object_component>
      <object_component id="oc-296">
         <name>.debug_info</name>
         <load_address>0xd601</load_address>
         <run_address>0xd601</run_address>
         <size>0x19f</size>
         <input_file_ref idref="fl-d9"/>
      </object_component>
      <object_component id="oc-194">
         <name>.debug_info</name>
         <load_address>0xd7a0</load_address>
         <run_address>0xd7a0</run_address>
         <size>0x203</size>
         <input_file_ref idref="fl-d9"/>
      </object_component>
      <object_component id="oc-41a">
         <name>.debug_info</name>
         <load_address>0xd9a3</load_address>
         <run_address>0xd9a3</run_address>
         <size>0x1db</size>
         <input_file_ref idref="fl-d9"/>
      </object_component>
      <object_component id="oc-18c">
         <name>.debug_info</name>
         <load_address>0xdb7e</load_address>
         <run_address>0xdb7e</run_address>
         <size>0x1a5</size>
         <input_file_ref idref="fl-d9"/>
      </object_component>
      <object_component id="oc-37d">
         <name>.debug_info</name>
         <load_address>0xdd23</load_address>
         <run_address>0xdd23</run_address>
         <size>0x299</size>
         <input_file_ref idref="fl-d9"/>
      </object_component>
      <object_component id="oc-bb">
         <name>.debug_info</name>
         <load_address>0xdfbc</load_address>
         <run_address>0xdfbc</run_address>
         <size>0xb2</size>
         <input_file_ref idref="fl-d9"/>
      </object_component>
      <object_component id="oc-b6">
         <name>.debug_info</name>
         <load_address>0xe06e</load_address>
         <run_address>0xe06e</run_address>
         <size>0x2c</size>
         <input_file_ref idref="fl-d9"/>
      </object_component>
      <object_component id="oc-29a">
         <name>.debug_info</name>
         <load_address>0xe09a</load_address>
         <run_address>0xe09a</run_address>
         <size>0x28a</size>
         <input_file_ref idref="fl-da"/>
      </object_component>
      <object_component id="oc-1a0">
         <name>.debug_info</name>
         <load_address>0xe324</load_address>
         <run_address>0xe324</run_address>
         <size>0x273</size>
         <input_file_ref idref="fl-da"/>
      </object_component>
      <object_component id="oc-2d4">
         <name>.debug_info</name>
         <load_address>0xe597</load_address>
         <run_address>0xe597</run_address>
         <size>0x2a4</size>
         <input_file_ref idref="fl-db"/>
      </object_component>
      <object_component id="oc-1dd">
         <name>.debug_info</name>
         <load_address>0xe83b</load_address>
         <run_address>0xe83b</run_address>
         <size>0x24d</size>
         <input_file_ref idref="fl-db"/>
      </object_component>
      <object_component id="oc-353">
         <name>.debug_info</name>
         <load_address>0xea88</load_address>
         <run_address>0xea88</run_address>
         <size>0x3aa</size>
         <input_file_ref idref="fl-dc"/>
      </object_component>
      <object_component id="oc-350">
         <name>.debug_info</name>
         <load_address>0xee32</load_address>
         <run_address>0xee32</run_address>
         <size>0x13a</size>
         <input_file_ref idref="fl-dc"/>
      </object_component>
      <object_component id="oc-257">
         <name>.debug_info</name>
         <load_address>0xef6c</load_address>
         <run_address>0xef6c</run_address>
         <size>0x72f</size>
         <input_file_ref idref="fl-dc"/>
      </object_component>
      <object_component id="oc-28">
         <name>.debug_info</name>
         <load_address>0xf69b</load_address>
         <run_address>0xf69b</run_address>
         <size>0x10b</size>
         <input_file_ref idref="fl-dd"/>
      </object_component>
      <object_component id="oc-5e">
         <name>.debug_info</name>
         <load_address>0xf7a6</load_address>
         <run_address>0xf7a6</run_address>
         <size>0x1a9</size>
         <input_file_ref idref="fl-dd"/>
      </object_component>
      <object_component id="oc-2ea">
         <name>.debug_info</name>
         <load_address>0xf94f</load_address>
         <run_address>0xf94f</run_address>
         <size>0x289</size>
         <input_file_ref idref="fl-de"/>
      </object_component>
      <object_component id="oc-2e7">
         <name>.debug_info</name>
         <load_address>0xfbd8</load_address>
         <run_address>0xfbd8</run_address>
         <size>0x10e</size>
         <input_file_ref idref="fl-de"/>
      </object_component>
      <object_component id="oc-222">
         <name>.debug_info</name>
         <load_address>0xfce6</load_address>
         <run_address>0xfce6</run_address>
         <size>0x14e</size>
         <input_file_ref idref="fl-de"/>
      </object_component>
      <object_component id="oc-2ef">
         <name>.debug_info</name>
         <load_address>0xfe34</load_address>
         <run_address>0xfe34</run_address>
         <size>0x161</size>
         <input_file_ref idref="fl-df"/>
      </object_component>
      <object_component id="oc-356">
         <name>.debug_info</name>
         <load_address>0xff95</load_address>
         <run_address>0xff95</run_address>
         <size>0x288</size>
         <input_file_ref idref="fl-e0"/>
      </object_component>
      <object_component id="oc-25a">
         <name>.debug_info</name>
         <load_address>0x1021d</load_address>
         <run_address>0x1021d</run_address>
         <size>0x327</size>
         <input_file_ref idref="fl-e0"/>
      </object_component>
      <object_component id="oc-348">
         <name>.debug_info</name>
         <load_address>0x10544</load_address>
         <run_address>0x10544</run_address>
         <size>0x28d</size>
         <input_file_ref idref="fl-e1"/>
      </object_component>
      <object_component id="oc-24e">
         <name>.debug_info</name>
         <load_address>0x107d1</load_address>
         <run_address>0x107d1</run_address>
         <size>0x380</size>
         <input_file_ref idref="fl-e1"/>
      </object_component>
      <object_component id="oc-400">
         <name>.debug_info</name>
         <load_address>0x10b51</load_address>
         <run_address>0x10b51</run_address>
         <size>0x28a</size>
         <input_file_ref idref="fl-e2"/>
      </object_component>
      <object_component id="oc-34c">
         <name>.debug_info</name>
         <load_address>0x10ddb</load_address>
         <run_address>0x10ddb</run_address>
         <size>0x22a</size>
         <input_file_ref idref="fl-e2"/>
      </object_component>
      <object_component id="oc-338">
         <name>.debug_info</name>
         <load_address>0x11005</load_address>
         <run_address>0x11005</run_address>
         <size>0x590</size>
         <input_file_ref idref="fl-e3"/>
      </object_component>
      <object_component id="oc-30e">
         <name>.debug_info</name>
         <load_address>0x11595</load_address>
         <run_address>0x11595</run_address>
         <size>0x21e</size>
         <input_file_ref idref="fl-e3"/>
      </object_component>
      <object_component id="oc-3c1">
         <name>.debug_info</name>
         <load_address>0x117b3</load_address>
         <run_address>0x117b3</run_address>
         <size>0x1b3</size>
         <input_file_ref idref="fl-e3"/>
      </object_component>
      <object_component id="oc-3c7">
         <name>.debug_info</name>
         <load_address>0x11966</load_address>
         <run_address>0x11966</run_address>
         <size>0x21b</size>
         <input_file_ref idref="fl-e3"/>
      </object_component>
      <object_component id="oc-314">
         <name>.debug_info</name>
         <load_address>0x11b81</load_address>
         <run_address>0x11b81</run_address>
         <size>0x3c0</size>
         <input_file_ref idref="fl-e3"/>
      </object_component>
      <object_component id="oc-3ce">
         <name>.debug_info</name>
         <load_address>0x11f41</load_address>
         <run_address>0x11f41</run_address>
         <size>0x30a</size>
         <input_file_ref idref="fl-e3"/>
      </object_component>
      <object_component id="oc-3d4">
         <name>.debug_info</name>
         <load_address>0x1224b</load_address>
         <run_address>0x1224b</run_address>
         <size>0x215</size>
         <input_file_ref idref="fl-e3"/>
      </object_component>
      <object_component id="oc-31a">
         <name>.debug_info</name>
         <load_address>0x12460</load_address>
         <run_address>0x12460</run_address>
         <size>0x215</size>
         <input_file_ref idref="fl-e3"/>
      </object_component>
      <object_component id="oc-320">
         <name>.debug_info</name>
         <load_address>0x12675</load_address>
         <run_address>0x12675</run_address>
         <size>0x304</size>
         <input_file_ref idref="fl-e3"/>
      </object_component>
      <object_component id="oc-326">
         <name>.debug_info</name>
         <load_address>0x12979</load_address>
         <run_address>0x12979</run_address>
         <size>0x4b5</size>
         <input_file_ref idref="fl-e3"/>
      </object_component>
      <object_component id="oc-23a">
         <name>.debug_info</name>
         <load_address>0x12e2e</load_address>
         <run_address>0x12e2e</run_address>
         <size>0x5f4</size>
         <input_file_ref idref="fl-e3"/>
      </object_component>
      <object_component id="oc-339">
         <name>.debug_info</name>
         <load_address>0x13422</load_address>
         <run_address>0x13422</run_address>
         <size>0x86</size>
         <input_file_ref idref="fl-e3"/>
      </object_component>
      <object_component id="oc-3f3">
         <name>.debug_info</name>
         <load_address>0x134a8</load_address>
         <run_address>0x134a8</run_address>
         <size>0x39</size>
         <input_file_ref idref="fl-e3"/>
      </object_component>
      <object_component id="oc-43f">
         <name>.debug_info</name>
         <load_address>0x134e1</load_address>
         <run_address>0x134e1</run_address>
         <size>0xb6</size>
         <input_file_ref idref="fl-e3"/>
      </object_component>
      <object_component id="oc-3f8">
         <name>.debug_info</name>
         <load_address>0x13597</load_address>
         <run_address>0x13597</run_address>
         <size>0x46</size>
         <input_file_ref idref="fl-e3"/>
      </object_component>
      <object_component id="oc-33e">
         <name>.debug_info</name>
         <load_address>0x135dd</load_address>
         <run_address>0x135dd</run_address>
         <size>0x46</size>
         <input_file_ref idref="fl-e3"/>
      </object_component>
      <object_component id="oc-98">
         <name>.debug_info</name>
         <load_address>0x13623</load_address>
         <run_address>0x13623</run_address>
         <size>0x147</size>
         <input_file_ref idref="fl-e4"/>
      </object_component>
      <object_component id="oc-3b5">
         <name>.debug_info</name>
         <load_address>0x1376a</load_address>
         <run_address>0x1376a</run_address>
         <size>0x134</size>
         <input_file_ref idref="fl-e5"/>
      </object_component>
      <object_component id="oc-270">
         <name>.debug_info</name>
         <load_address>0x1389e</load_address>
         <run_address>0x1389e</run_address>
         <size>0x4b3</size>
         <input_file_ref idref="fl-e6"/>
      </object_component>
      <object_component id="oc-159">
         <name>.debug_info</name>
         <load_address>0x13d51</load_address>
         <run_address>0x13d51</run_address>
         <size>0x1a6</size>
         <input_file_ref idref="fl-e6"/>
      </object_component>
      <object_component id="oc-369">
         <name>.debug_info</name>
         <load_address>0x13ef7</load_address>
         <run_address>0x13ef7</run_address>
         <size>0x39</size>
         <input_file_ref idref="fl-e6"/>
      </object_component>
      <object_component id="oc-40a">
         <name>.debug_info</name>
         <load_address>0x13f30</load_address>
         <run_address>0x13f30</run_address>
         <size>0x39</size>
         <input_file_ref idref="fl-e6"/>
      </object_component>
      <object_component id="oc-36e">
         <name>.debug_info</name>
         <load_address>0x13f69</load_address>
         <run_address>0x13f69</run_address>
         <size>0x39</size>
         <input_file_ref idref="fl-e6"/>
      </object_component>
      <object_component id="oc-373">
         <name>.debug_info</name>
         <load_address>0x13fa2</load_address>
         <run_address>0x13fa2</run_address>
         <size>0xcd</size>
         <input_file_ref idref="fl-e6"/>
      </object_component>
      <object_component id="oc-9f">
         <name>.debug_info</name>
         <load_address>0x1406f</load_address>
         <run_address>0x1406f</run_address>
         <size>0x153</size>
         <input_file_ref idref="fl-e7"/>
      </object_component>
      <object_component id="oc-14c">
         <name>.debug_info</name>
         <load_address>0x141c2</load_address>
         <run_address>0x141c2</run_address>
         <size>0x122</size>
         <input_file_ref idref="fl-e9"/>
      </object_component>
      <object_component id="oc-363">
[...]
         <value>0x279</value>
         <object_component_ref idref="oc-d7"/>
      </symbol>
      <symbol id="sm-251">
         <name>oi_getMotorCalibrationRight</name>
         <value>0xe01</value>
         <object_component_ref idref="oc-d7"/>
      </symbol>
      <symbol id="sm-252">
         <name>oi_uartReceive</name>
         <value>0xa31</value>
         <object_component_ref idref="oc-d7"/>
      </symbol>
      <symbol id="sm-253">
         <name>oi_setWheels</name>
         <value>0x88f</value>
         <object_component_ref idref="oc-d7"/>
      </symbol>
      <symbol id="sm-254">
         <name>oi_shutoff_init</name>
         <value>0xb51</value>
         <object_component_ref idref="oc-d7"/>
      </symbol>
      <symbol id="sm-255">
         <name>motor_cal_factor_L</name>
         <value>0x200022ec</value>
         <object_component_ref idref="oc-1af"/>
      </symbol>
      <symbol id="sm-256">
         <name>motor_cal_factor_R</name>
         <value>0x200022f0</value>
         <object_component_ref idref="oc-1af"/>
      </symbol>
      <symbol id="sm-257">
         <name>oi_parseInt</name>
         <value>0x616f</value>
         <object_component_ref idref="oc-196"/>
      </symbol>
      <symbol id="sm-258">
         <name>oi_setMotorCalibration</name>
         <value>0xdb1</value>
         <object_component_ref idref="oc-d7"/>
      </symbol>
      <symbol id="sm-259">
         <name>oi_uartSendStr</name>
         <value>0xa59</value>
         <object_component_ref idref="oc-d7"/>
      </symbol>
      <symbol id="sm-25a">
         <name>oi_close</name>
         <value>0x2c7</value>
         <object_component_ref idref="oc-d7"/>
      </symbol>
      <symbol id="sm-25b">
         <name>oi_uartSendBuff</name>
         <value>0xa77</value>
         <object_component_ref idref="oc-d7"/>
      </symbol>
      <symbol id="sm-25c">
         <name>oi_checkFirmware</name>
         <value>0xaa9</value>
         <object_component_ref idref="oc-d7"/>
      </symbol>
      <symbol id="sm-25d">
         <name>oi_init_noupdate</name>
         <value>0x289</value>
         <object_component_ref idref="oc-d7"/>
      </symbol>
      <symbol id="sm-25e">
         <name>oi_uartSendChar</name>
         <value>0xa15</value>
         <object_component_ref idref="oc-d7"/>
      </symbol>
      <symbol id="sm-25f">
         <name>oi_alloc</name>
         <value>0x26d</value>
         <object_component_ref idref="oc-d7"/>
      </symbol>
      <symbol id="sm-260">
         <name>oi_getMotorCalibrationLeft</name>
         <value>0xded</value>
         <object_component_ref idref="oc-d7"/>
      </symbol>
      <symbol id="sm-261">
         <name>oi_loadSong</name>
         <value>0x915</value>
         <object_component_ref idref="oc-d7"/>
      </symbol>
      <symbol id="sm-262">
         <name>oi_play_song</name>
         <value>0x96b</value>
         <object_component_ref idref="oc-d7"/>
      </symbol>
      <symbol id="sm-263">
         <name>oi_parsePacket</name>
         <value>0x32b</value>
         <object_component_ref idref="oc-d7"/>
      </symbol>
      <symbol id="sm-264">
         <name>oi_setLeds</name>
         <value>0x84b</value>
         <object_component_ref idref="oc-d7"/>
      </symbol>
      <symbol id="sm-265">
         <name>oi_init</name>
         <value>0x2b1</value>
         <object_component_ref idref="oc-d7"/>
      </symbol>
      <symbol id="sm-266">
         <name>oi_update</name>
         <value>0x2d9</value>
         <object_component_ref idref="oc-d7"/>
      </symbol>
      <symbol id="sm-267">
         <name>oi_uartInit</name>
         <value>0x98d</value>
         <object_component_ref idref="oc-d7"/>
      </symbol>
      <symbol id="sm-2a9">
         <name>state</name>
         <value>0x200022e9</value>
      </symbol>
      <symbol id="sm-2aa">
         <name>rising_time</name>
         <value>0x200022e4</value>
      </symbol>
      <symbol id="sm-2ab">
         <name>falling_time</name>
         <value>0x200022e0</value>
      </symbol>
      <symbol id="sm-2ac">
         <name>ping_read</name>
         <value>0x3c21</value>
         <object_component_ref idref="oc-fb"/>
      </symbol>
      <symbol id="sm-2ad">
         <name>send_pulse</name>
         <value>0x3cd5</value>
         <object_component_ref idref="oc-fb"/>
      </symbol>
      <symbol id="sm-2ae">
         <name>TIMER3B_Handler</name>
         <value>0x3d59</value>
         <object_component_ref idref="oc-fb"/>
      </symbol>
      <symbol id="sm-2af">
         <name>ping_init</name>
         <value>0x3b51</value>
         <object_component_ref idref="oc-fb"/>
      </symbol>
      <symbol id="sm-2b0">
         <name>overflow</name>
         <value>0x20002324</value>
         <object_component_ref idref="oc-1fe"/>
      </symbol>
      <symbol id="sm-2b1">
         <name>get_overflow</name>
         <value>0x3dd9</value>
         <object_component_ref idref="oc-fb"/>
      </symbol>
      <symbol id="sm-2b2">
         <name>get_pulse_millis</name>
         <value>0x3da7</value>
         <object_component_ref idref="oc-fb"/>
      </symbol>
      <symbol id="sm-2b3">
         <name>get_pulse</name>
         <value>0x3d9b</value>
         <object_component_ref idref="oc-fb"/>
      </symbol>
      <symbol id="sm-2d1">
         <name>servo_move</name>
         <value>0x4ce5</value>
         <object_component_ref idref="oc-f5"/>
      </symbol>
      <symbol id="sm-2d2">
         <name>servo_init</name>
         <value>0x4c59</value>
         <object_component_ref idref="oc-f5"/>
      </symbol>
      <symbol id="sm-2ee">
         <name>ResetISR</name>
         <value>0x6229</value>
         <object_component_ref idref="oc-2a"/>
      </symbol>
      <symbol id="sm-2ef">
         <name>g_pfnVectors</name>
         <value>0x0</value>
         <object_component_ref idref="oc-12"/>
      </symbol>
      <symbol id="sm-31e">
         <name>uart_interrupt_handler</name>
         <value>0x479f</value>
         <object_component_ref idref="oc-ef"/>
      </symbol>
      <symbol id="sm-31f">
         <name>uart_sendChar</name>
         <value>0x471b</value>
         <object_component_ref idref="oc-ef"/>
      </symbol>
      <symbol id="sm-320">
         <name>uart_interrupt_init</name>
         <value>0x477f</value>
         <object_component_ref idref="oc-ef"/>
      </symbol>
      <symbol id="sm-321">
         <name>uart_init</name>
         <value>0x46a5</value>
         <object_component_ref idref="oc-ef"/>
      </symbol>
      <symbol id="sm-322">
         <name>uart_receive</name>
         <value>0x4737</value>
         <object_component_ref idref="oc-ef"/>
      </symbol>
      <symbol id="sm-323">
         <name>uart_sendStr</name>
         <value>0x4759</value>
         <object_component_ref idref="oc-ef"/>
      </symbol>
      <symbol id="sm-3b9">
         <name>pow</name>
         <value>0x18dd</value>
         <object_component_ref idref="oc-12c"/>
      </symbol>
      <symbol id="sm-3ba">
         <name>powl</name>
         <value>0x18dd</value>
         <object_component_ref idref="oc-12c"/>
      </symbol>
      <symbol id="sm-3dc">
         <name>sqrtl</name>
         <value>0x4b01</value>
         <object_component_ref idref="oc-21b"/>
      </symbol>
      <symbol id="sm-3dd">
         <name>sqrt</name>
         <value>0x4b01</value>
         <object_component_ref idref="oc-21b"/>
      </symbol>
      <symbol id="sm-404">
         <name>scalbn</name>
         <value>0x5139</value>
         <object_component_ref idref="oc-22a"/>
      </symbol>
      <symbol id="sm-405">
         <name>scalbnl</name>
         <value>0x5139</value>
         <object_component_ref idref="oc-22a"/>
      </symbol>
      <symbol id="sm-406">
         <name>ldexpl</name>
         <value>0x5139</value>
         <object_component_ref idref="oc-22a"/>
      </symbol>
      <symbol id="sm-407">
         <name>ldexp</name>
         <value>0x5139</value>
         <object_component_ref idref="oc-22a"/>
      </symbol>
      <symbol id="sm-457">
         <name>sin</name>
         <value>0x3249</value>
         <object_component_ref idref="oc-13d"/>
      </symbol>
      <symbol id="sm-458">
         <name>sinl</name>
         <value>0x3249</value>
         <object_component_ref idref="oc-13d"/>
      </symbol>
      <symbol id="sm-47f">
         <name>sprintf</name>
         <value>0x5e91</value>
         <object_component_ref idref="oc-137"/>
      </symbol>
      <symbol id="sm-4a9">
         <name>vsnprintf</name>
         <value>0x5ed1</value>
         <object_component_ref idref="oc-1d3"/>
      </symbol>
      <symbol id="sm-4c0">
         <name>__aeabi_dsub</name>
         <value>0x44ed</value>
         <object_component_ref idref="oc-108"/>
      </symbol>
      <symbol id="sm-4c1">
         <name>__aeabi_dadd</name>
         <value>0x44f7</value>
         <object_component_ref idref="oc-108"/>
      </symbol>
      <symbol id="sm-4e3">
         <name>__aeabi_cdcmpeq</name>
         <value>0x58d9</value>
         <object_component_ref idref="oc-117"/>
      </symbol>
      <symbol id="sm-4e4">
         <name>__aeabi_cdcmple</name>
         <value>0x58d9</value>
         <object_component_ref idref="oc-117"/>
      </symbol>
      <symbol id="sm-4e5">
         <name>__aeabi_cdrcmple</name>
         <value>0x595f</value>
         <object_component_ref idref="oc-11c"/>
      </symbol>
      <symbol id="sm-4f9">
         <name>__aeabi_ddiv</name>
         <value>0x4edd</value>
         <object_component_ref idref="oc-1b2"/>
      </symbol>
      <symbol id="sm-504">
         <name>__aeabi_dmul</name>
         <value>0x5349</value>
         <object_component_ref idref="oc-132"/>
      </symbol>
      <symbol id="sm-50e">
         <name>__aeabi_d2iz</name>
         <value>0x5dc1</value>
         <object_component_ref idref="oc-10d"/>
      </symbol>
      <symbol id="sm-51a">
         <name>__aeabi_d2f</name>
         <value>0x5b3f</value>
         <object_component_ref idref="oc-1ba"/>
      </symbol>
      <symbol id="sm-524">
         <name>__aeabi_d2uiz</name>
         <value>0x5e4d</value>
         <object_component_ref idref="oc-1ea"/>
      </symbol>
      <symbol id="sm-52f">
         <name>__aeabi_f2d</name>
         <value>0x5f89</value>
         <object_component_ref idref="oc-112"/>
      </symbol>
      <symbol id="sm-539">
         <name>__aeabi_i2d</name>
         <value>0x6059</value>
         <object_component_ref idref="oc-127"/>
      </symbol>
      <symbol id="sm-554">
         <name>memcpy</name>
         <value>0x57a7</value>
         <object_component_ref idref="oc-3e"/>
      </symbol>
      <symbol id="sm-555">
         <name>__aeabi_memcpy</name>
         <value>0x57a7</value>
         <object_component_ref idref="oc-3e"/>
      </symbol>
      <symbol id="sm-556">
         <name>__aeabi_memcpy8</name>
         <value>0x57a7</value>
         <object_component_ref idref="oc-3e"/>
      </symbol>
      <symbol id="sm-557">
         <name>__aeabi_memcpy4</name>
         <value>0x57a7</value>
         <object_component_ref idref="oc-3e"/>
      </symbol>
      <symbol id="sm-561">
         <name>__aeabi_ui2d</name>
         <value>0x60b1</value>
         <object_component_ref idref="oc-1f4"/>
      </symbol>
      <symbol id="sm-57a">
         <name>__TI_zero_init_nomemset</name>
         <value>0x60d1</value>
         <object_component_ref idref="oc-4a"/>
      </symbol>
      <symbol id="sm-591">
         <name>__TI_decompress_none</name>
         <value>0x620f</value>
         <object_component_ref idref="oc-1b"/>
      </symbol>
      <symbol id="sm-5b4">
         <name>__TI_decompress_lzss</name>
         <value>0x5bad</value>
         <object_component_ref idref="oc-15"/>
      </symbol>
      <symbol id="sm-649">
         <name>_sys_memory</name>
         <value>0x20001270</value>
         <object_component_ref idref="oc-24"/>
      </symbol>
      <symbol id="sm-64a">
         <name>free</name>
         <value>0x553d</value>
         <object_component_ref idref="oc-190"/>
      </symbol>
      <symbol id="sm-64b">
         <name>memalign</name>
         <value>0x5249</value>
         <object_component_ref idref="oc-37a"/>
      </symbol>
      <symbol id="sm-64c">
         <name>calloc</name>
         <value>0x5f51</value>
         <object_component_ref idref="oc-18a"/>
      </symbol>
      <symbol id="sm-64d">
         <name>malloc</name>
         <value>0x6251</value>
         <object_component_ref idref="oc-285"/>
      </symbol>
      <symbol id="sm-64e">
         <name>aligned_alloc</name>
         <value>0x5249</value>
         <object_component_ref idref="oc-37a"/>
      </symbol>
      <symbol id="sm-65d">
         <name>strcmp</name>
         <value>0x6187</value>
         <object_component_ref idref="oc-19d"/>
      </symbol>
      <symbol id="sm-66b">
         <name>strcpy</name>
         <value>0x61b5</value>
         <object_component_ref idref="oc-1d9"/>
      </symbol>
      <symbol id="sm-6d1">
         <name>__kernel_rem_pio2</name>
         <value>0x2b11</value>
         <object_component_ref idref="oc-253"/>
      </symbol>
      <symbol id="sm-6e4">
         <name>__stack</name>
         <value>0x20000270</value>
         <object_component_ref idref="oc-27"/>
      </symbol>
      <symbol id="sm-6e5">
         <name>_c_int00_noargs</name>
         <value>0x5ff5</value>
         <object_component_ref idref="oc-5c"/>
      </symbol>
      <symbol id="sm-6fb">
         <name>__aeabi_errno_addr</name>
         <value>0x6249</value>
         <object_component_ref idref="oc-221"/>
      </symbol>
      <symbol id="sm-6fc">
         <name>errno</name>
         <value>0x20002328</value>
         <object_component_ref idref="oc-2e6"/>
      </symbol>
      <symbol id="sm-706">
         <name>copysign</name>
         <value>0x6125</value>
         <object_component_ref idref="oc-2ed"/>
      </symbol>
      <symbol id="sm-707">
         <name>copysignl</name>
         <value>0x6125</value>
         <object_component_ref idref="oc-2ed"/>
      </symbol>
      <symbol id="sm-71d">
         <name>__kernel_cos</name>
         <value>0x4991</value>
         <object_component_ref idref="oc-259"/>
      </symbol>
      <symbol id="sm-734">
         <name>__kernel_sin</name>
         <value>0x481d</value>
         <object_component_ref idref="oc-24d"/>
      </symbol>
      <symbol id="sm-751">
         <name>floorl</name>
         <value>0x5445</value>
         <object_component_ref idref="oc-349"/>
      </symbol>
      <symbol id="sm-752">
         <name>floor</name>
         <value>0x5445</value>
         <object_component_ref idref="oc-349"/>
      </symbol>
      <symbol id="sm-8b7">
         <name>__TI_printfi</name>
         <value>0xe8d</value>
         <object_component_ref idref="oc-239"/>
      </symbol>
      <symbol id="sm-8c6">
         <name>__aeabi_memset</name>
         <value>0x59e7</value>
         <object_component_ref idref="oc-96"/>
      </symbol>
      <symbol id="sm-8c7">
         <name>memset</name>
         <value>0x59ed</value>
         <object_component_ref idref="oc-96"/>
      </symbol>
      <symbol id="sm-8c8">
         <name>__aeabi_memset8</name>
         <value>0x59e7</value>
         <object_component_ref idref="oc-96"/>
      </symbol>
      <symbol id="sm-8c9">
         <name>__aeabi_memset4</name>
         <value>0x59e7</value>
         <object_component_ref idref="oc-96"/>
      </symbol>
      <symbol id="sm-8ca">
         <name>__aeabi_memclr8</name>
         <value>0x59e5</value>
         <object_component_ref idref="oc-96"/>
      </symbol>
      <symbol id="sm-8cb">
         <name>__aeabi_memclr4</name>
         <value>0x59e5</value>
         <object_component_ref idref="oc-96"/>
      </symbol>
      <symbol id="sm-8cc">
         <name>__aeabi_memclr</name>
         <value>0x59e5</value>
         <object_component_ref idref="oc-96"/>
      </symbol>
      <symbol id="sm-8d9">
         <name>__aeabi_uldivmod</name>
         <value>0x5843</value>
         <object_component_ref idref="oc-3b4"/>
      </symbol>
      <symbol id="sm-901">
         <name>__TI_auto_init_nobinit_nopinit</name>
         <value>0x5e09</value>
         <object_component_ref idref="oc-156"/>
      </symbol>
      <symbol id="sm-90b">
         <name>_system_pre_init</name>
         <value>0x6259</value>
         <object_component_ref idref="oc-9c"/>
      </symbol>
      <symbol id="sm-917">
         <name>C$$EXIT</name>
         <value>0x625d</value>
         <object_component_ref idref="oc-14a"/>
      </symbol>
      <symbol id="sm-918">
         <name>abort</name>
         <value>0x625d</value>
         <object_component_ref idref="oc-14a"/>
      </symbol>
      <symbol id="sm-92d">
         <name>_nop</name>
         <value>0x18db</value>
         <object_component_ref idref="oc-35b"/>
      </symbol>
      <symbol id="sm-92e">
         <name>_lock</name>
         <value>0x2000230c</value>
         <object_component_ref idref="oc-269"/>
      </symbol>
      <symbol id="sm-92f">
         <name>_unlock</name>
         <value>0x20002310</value>
         <object_component_ref idref="oc-269"/>
      </symbol>
      <symbol id="sm-93e">
         <name>__TI_ltoa</name>
         <value>0x5ccf</value>
         <object_component_ref idref="oc-3ba"/>
      </symbol>
      <symbol id="sm-955">
         <name>atoi</name>
         <value>0x5d75</value>
         <object_component_ref idref="oc-307"/>
      </symbol>
      <symbol id="sm-960">
         <name>_ctypes_</name>
         <value>0x63b8</value>
         <object_component_ref idref="oc-3af"/>
      </symbol>
      <symbol id="sm-970">
         <name>memccpy</name>
         <value>0x6109</value>
         <object_component_ref idref="oc-32b"/>
      </symbol>
      <symbol id="sm-980">
         <name>strchr</name>
         <value>0x619f</value>
         <object_component_ref idref="oc-3e1"/>
      </symbol>
      <symbol id="sm-98e">
         <name>strlen</name>
         <value>0x61c9</value>
         <object_component_ref idref="oc-301"/>
      </symbol>
      <symbol id="sm-9a7">
         <name>wcslen</name>
         <value>0x61dd</value>
         <object_component_ref idref="oc-331"/>
      </symbol>
      <symbol id="sm-9bd">
         <name>frexpl</name>
         <value>0x5c15</value>
         <object_component_ref idref="oc-3db"/>
      </symbol>
      <symbol id="sm-9be">
         <name>frexp</name>
         <value>0x5c15</value>
         <object_component_ref idref="oc-3db"/>
      </symbol>
      <symbol id="sm-9c8">
         <name>__aeabi_idiv0</name>
         <value>0x46a3</value>
         <object_component_ref idref="oc-426"/>
      </symbol>
      <symbol id="sm-9c9">
         <name>__aeabi_ldiv0</name>
         <value>0x46a3</value>
         <object_component_ref idref="oc-426"/>
      </symbol>
      <symbol id="sm-9f8">
         <name>IntRegister</name>
         <value>0x5fc1</value>
         <object_component_ref idref="oc-1a3"/>
      </symbol>
      <symbol id="sm-9f9">
         <name>g_pfnRAMVectors</name>
         <value>0x20000000</value>
         <object_component_ref idref="oc-29b"/>
      </symbol>
      <symbol id="sm-9fa">
         <name>IntMasterEnable</name>
         <value>0x61ef</value>
         <object_component_ref idref="oc-1a9"/>
      </symbol>
      <symbol id="sm-a04">
         <name>CPUcpsie</name>
         <value>0x621d</value>
         <object_component_ref idref="oc-2a5"/>
      </symbol>
      <symbol id="sm-a05">
         <name>__TI_static_base__</name>
         <value>0x0</value>
      </symbol>
      <symbol id="sm-a08">
         <name>__mpu_init</name>
         <value>0x0</value>
      </symbol>
      <symbol id="sm-a09">
         <name>_system_post_cinit</name>
         <value>0x0</value>
      </symbol>
   </symbol_table>
   <title>Link successful</title>
</link_info>
