******************************************************************************
                  TI ARM Linker PC v20.2.7                     
******************************************************************************
>> Linked Thu May  2 16:19:01 2024

OUTPUT FILE NAME:   <Final Project.out>
ENTRY POINT SYMBOL: "_c_int00_noargs"  address: 00005ff5


MEMORY CONFIGURATION

         name            origin    length      used     unused   attr    fill
----------------------  --------  ---------  --------  --------  ----  --------
  FLASH                 00000000   00040000  000065ac  00039a54  R  X
  SRAM                  20000000   00008000  00002328  00005cd8  RW X


SEGMENT ALLOCATION MAP

run origin  load origin   length   init length attrs members
----------  ----------- ---------- ----------- ----- -------
00000000    00000000    000065b0   000065b0    r-x
  00000000    00000000    0000026c   0000026c    r-- .intvecs
  0000026c    0000026c    00005ff4   00005ff4    r-x .text
  00006260    00006260    000002f4   000002f4    r-- .const
  00006558    00006558    00000058   00000058    r-- .cinit
20000000    20000000    0000232d   00000000    rw-
  20000000    20000000    0000026c   00000000    rw- .vtable
  20000270    20000270    00001000   00000000    rw- .stack
  20001270    20001270    00001000   00000000    rw- .sysmem
  20002270    20002270    0000007b   00000000    rw- .bss
  200022ec    200022ec    00000041   00000000    rw- .data


SECTION ALLOCATION MAP

 output                                  attributes/
section   page    origin      length       input sections
--------  ----  ----------  ----------   ----------------
.intvecs   0    00000000    0000026c     
                  00000000    0000026c     tm4c123gh6pm_startup_ccs.obj (.intvecs)

.text      0    0000026c    00005ff4     
                  0000026c    00000c20     open_interface.obj (.text)
                  00000e8c    00000a4e     rtsv7M4_T_le_v4SPD16_eabi.lib : _printfi.c.obj (.text:__TI_printfi)
                  000018da    00000002                                   : _lock.c.obj (.text:_nop)
                  000018dc    000009d0                                   : e_pow.c.obj (.text:pow)
                  000022ac    00000864     main.obj (.text)
                  00002b10    00000738     rtsv7M4_T_le_v4SPD16_eabi.lib : k_rem_pio2.c.obj (.text:__kernel_rem_pio2)
                  00003248    000005e0                                   : s_sin.c.obj (.text:sin)
                  00003828    00000328     lcd.obj (.text)
                  00003b50    00000314     ping.obj (.text)
                  00003e64    00000270     rtsv7M4_T_le_v4SPD16_eabi.lib : _printfi.c.obj (.text:_pconv_a)
                  000040d4    00000248     Timer.obj (.text)
                  0000431c    000001d0     rtsv7M4_T_le_v4SPD16_eabi.lib : _printfi.c.obj (.text:_pconv_g)
                  000044ec    000001b6                                   : fd_add_t2.asm.obj (.text)
                  000046a2    00000002                                   : div0.asm.obj (.text)
                  000046a4    00000178     uart_extra_help.obj (.text)
                  0000481c    00000174     rtsv7M4_T_le_v4SPD16_eabi.lib : k_sin.c.obj (.text:__kernel_sin)
                  00004990    00000170                                   : k_cos.c.obj (.text:__kernel_cos)
                  00004b00    00000158                                   : e_sqrt.c.obj (.text:sqrt)
                  00004c58    00000148     servo.obj (.text)
                  00004da0    0000013c     rtsv7M4_T_le_v4SPD16_eabi.lib : _printfi.c.obj (.text:_pconv_e)
                  00004edc    00000136                                   : fd_div_t2.asm.obj (.text)
                  00005012    00000002     --HOLE-- [fill = 0]
                  00005014    00000124                                   : _printfi.c.obj (.text:fcvt)
                  00005138    00000110                                   : s_scalbn.c.obj (.text:scalbn)
                  00005248    00000100                                   : memory.c.obj (.text:aligned_alloc)
                  00005348    000000fc                                   : fd_mul_t2.asm.obj (.text)
                  00005444    000000f8                                   : s_floor.c.obj (.text:floor)
                  0000553c    000000e4                                   : memory.c.obj (.text:free)
                  00005620    000000d4     adc.obj (.text)
                  000056f4    000000b1     rtsv7M4_T_le_v4SPD16_eabi.lib : _printfi.c.obj (.text:_ltostr)
                  000057a5    00000001     --HOLE-- [fill = 0]
                  000057a6    0000009c                                   : memcpy_t2.asm.obj (.text)
                  00005842    00000096                                   : ull_div_t2.asm.obj (.text)
                  000058d8    00000086                                   : fd_cmp_t2.asm.obj (.text:__aeabi_cdcmple)
                  0000595e    00000086                                   : fd_cmp_t2.asm.obj (.text:__aeabi_cdrcmple)
                  000059e4    0000007a                                   : memset_t2.asm.obj (.text)
                  00005a5e    00000002     --HOLE-- [fill = 0]
                  00005a60    00000070                                   : memory.c.obj (.text:split)
                  00005ad0    0000006e                                   : _printfi.c.obj (.text:_mcpy)
                  00005b3e    0000006e                                   : fd_tos_t2.asm.obj (.text)
                  00005bac    00000068                                   : copy_decompress_lzss.c.obj (.text:decompress:lzss:__TI_decompress_lzss)
                  00005c14    00000064                                   : s_frexp.c.obj (.text:frexp)
                  00005c78    00000056                                   : _printfi.c.obj (.text:_pconv_f)
                  00005cce    00000054                                   : _ltoa.c.obj (.text:__TI_ltoa)
                  00005d22    00000052                                   : _printfi.c.obj (.text:_ecpy)
                  00005d74    0000004c                                   : atoi.c.obj (.text:atoi)
                  00005dc0    00000048                                   : fd_toi_t2.asm.obj (.text)
                  00005e08    00000044                                   : autoinit.c.obj (.text:__TI_auto_init_nobinit_nopinit:__TI_auto_init_nobinit_nopinit)
                  00005e4c    00000044                                   : fd_tou_t2.asm.obj (.text)
                  00005e90    00000040                                   : sprintf.c.obj (.text:sprintf)
                  00005ed0    00000040                                   : vsnprintf.c.obj (.text:vsnprintf)
                  00005f10    0000003e                                   : _printfi.c.obj (.text:_fcpy)
                  00005f4e    00000002     --HOLE-- [fill = 0]
                  00005f50    00000038                                   : memory.c.obj (.text:calloc)
                  00005f88    00000038                                   : fs_tod_t2.asm.obj (.text)
                  00005fc0    00000034     driverlib.lib : interrupt.obj (.text:IntRegister)
                  00005ff4    00000034     rtsv7M4_T_le_v4SPD16_eabi.lib : boot_cortex_m.c.obj (.text:_c_int00_noargs:_c_int00_noargs)
                  00006028    00000030                                   : vsnprintf.c.obj (.text:_outs)
                  00006058    0000002e                                   : i_tofd_t2.asm.obj (.text)
                  00006086    00000002     --HOLE-- [fill = 0]
                  00006088    00000028                                   : memory.c.obj (.text:free_list_insert)
                  000060b0    00000020                                   : u_tofd_t2.asm.obj (.text)
                  000060d0    0000001c                                   : copy_zero_init.c.obj (.text:decompress:ZI:__TI_zero_init_nomemset:__TI_zero_init_nomemset)
                  000060ec    0000001c                                   : memory.c.obj (.text:free_list_remove)
                  00006108    0000001c                                   : memccpy.c.obj (.text:memccpy)
                  00006124    0000001a                                   : s_copysign.c.obj (.text:copysign)
                  0000613e    00000018                                   : vsnprintf.c.obj (.text:_outc)
                  00006156    00000018                                   : sprintf.c.obj (.text:_outs)
                  0000616e    00000018     open_interface.obj (.text:oi_parseInt)
                  00006186    00000018     rtsv7M4_T_le_v4SPD16_eabi.lib : strcmp.c.obj (.text:strcmp)
                  0000619e    00000016                                   : strchr.c.obj (.text:strchr)
                  000061b4    00000014                                   : strcpy.c.obj (.text:strcpy)
                  000061c8    00000014                                   : strlen.c.obj (.text:strlen)
                  000061dc    00000012                                   : wcslen.c.obj (.text:wcslen)
                  000061ee    00000010     driverlib.lib : interrupt.obj (.text:IntMasterEnable)
                  000061fe    00000010     lcd.obj (.text:lcd_clear)
                  0000620e    0000000e     rtsv7M4_T_le_v4SPD16_eabi.lib : copy_decompress_none.c.obj (.text:decompress:none:__TI_decompress_none)
                  0000621c    0000000c     driverlib.lib : cpu.obj (.text:CPUcpsie)
                  00006228    0000000c     tm4c123gh6pm_startup_ccs.obj (.text)
                  00006234    0000000a     rtsv7M4_T_le_v4SPD16_eabi.lib : sprintf.c.obj (.text:_outc)
                  0000623e    0000000a     lcd.obj (.text:lcd_home)
                  00006248    00000008     rtsv7M4_T_le_v4SPD16_eabi.lib : errno.c.obj (.text:__aeabi_errno_addr)
                  00006250    00000008                                   : memory.c.obj (.text:malloc)
                  00006258    00000004                                   : pre_init.c.obj (.text:_system_pre_init)
                  0000625c    00000004                                   : exit.c.obj (.text:abort:abort)

.const     0    00006260    000002f4     
                  00006260    00000158     rtsv7M4_T_le_v4SPD16_eabi.lib : k_rem_pio2.c.obj (.const:$O1$$)
                  000063b8    00000101                                   : ctype.c.obj (.const:.string:_ctypes_)
                  000064b9    00000038     main.obj (.const:.string:$P$T1$2)
                  000064f1    00000004     lcd.obj (.const:.string:lineAddress$1)
                  000064f5    00000003     --HOLE-- [fill = 0]
                  000064f8    00000030     rtsv7M4_T_le_v4SPD16_eabi.lib : e_pow.c.obj (.const:$O1$$)
                  00006528    00000019     main.obj (.const:.string:$P$T0$1)
                  00006541    0000000f     open_interface.obj (.const:.string:$P$T0$3)
                  00006550    00000004     lcd.obj (.const:.string:lineAddresses$2)

.cinit     0    00006558    00000058     
                  00006558    00000022     (.cinit..data.load) [load image, compression = lzss]
                  0000657a    00000002     --HOLE-- [fill = 0]
                  0000657c    0000000c     (__TI_handler_table)
                  00006588    00000008     (.cinit..bss.load) [load image, compression = zero_init]
                  00006590    00000008     (.cinit..vtable.load) [load image, compression = zero_init]
                  00006598    00000018     (__TI_cinit_table)

.init_array 
*          0    00000000    00000000     UNINITIALIZED

.vtable    0    20000000    0000026c     UNINITIALIZED
                  20000000    0000026c     driverlib.lib : interrupt.obj (.vtable)

.stack     0    20000270    00001000     UNINITIALIZED
                  20000270    00000004     rtsv7M4_T_le_v4SPD16_eabi.lib : boot_cortex_m.c.obj (.stack)
                  20000274    00000ffc     --HOLE--

.sysmem    0    20001270    00001000     UNINITIALIZED
                  20001270    00000010     rtsv7M4_T_le_v4SPD16_eabi.lib : memory.c.obj (.sysmem)
                  20001280    00000ff0     --HOLE--

.bss       0    20002270    0000007b     UNINITIALIZED
                  20002270    00000054     lcd.obj (.bss:lastbuffer$3)
                  200022c4    00000018     open_interface.obj (.bss:firmware$2)
                  200022dc    00000004     (.common:_timeout_ticks)
                  200022e0    00000004     (.common:falling_time)
                  200022e4    00000004     (.common:rising_time)
                  200022e8    00000001     (.common:flag)
                  200022e9    00000001     (.common:state)
                  200022ea    00000001     (.common:uart_data)

.data      0    200022ec    00000041     UNINITIALIZED
                  200022ec    00000020     open_interface.obj (.data)
                  2000230c    00000008     rtsv7M4_T_le_v4SPD16_eabi.lib : _lock.c.obj (.data:$O1$$)
                  20002314    00000008                                   : memory.c.obj (.data:$O1$$)
                  2000231c    00000008     main.obj (.data)
                  20002324    00000004     ping.obj (.data)
                  20002328    00000004     rtsv7M4_T_le_v4SPD16_eabi.lib : errno.c.obj (.data)
                  2000232c    00000001     Timer.obj (.data)

__llvm_prf_cnts 
*          0    20000000    00000000     UNINITIALIZED

MODULE SUMMARY

       Module                         code    ro data   rw data
       ------                         ----    -------   -------
    .\
       open_interface.obj             3128    15        56     
       main.obj                       2148    81        10     
       lcd.obj                        834     8         84     
       ping.obj                       788     0         13     
       tm4c123gh6pm_startup_ccs.obj   12      620       0      
       Timer.obj                      584     0         5      
       uart_extra_help.obj            376     0         0      
       servo.obj                      328     0         0      
       adc.obj                        212     0         0      
    +--+------------------------------+-------+---------+---------+
       Total:                         8410    724       168    
                                                               
    C:/ti/TivaWare_C_Series-2.2.0.295/driverlib/ccs/Debug/driverlib.lib
       interrupt.obj                  68      0         620    
       cpu.obj                        12      0         0      
    +--+------------------------------+-------+---------+---------+
       Total:                         80      0         620    
                                                               
    C:\ti\ccs1230\ccs\tools\compiler\ti-cgt-arm_20.2.7.LTS\lib\rtsv7M4_T_le_v4SPD16_eabi.lib
       _printfi.c.obj                 4851    0         0      
       e_pow.c.obj                    2512    48        0      
       k_rem_pio2.c.obj               1848    344       0      
       s_sin.c.obj                    1504    0         0      
       memory.c.obj                   728     0         8      
       fd_add_t2.asm.obj              438     0         0      
       k_sin.c.obj                    372     0         0      
       k_cos.c.obj                    368     0         0      
       e_sqrt.c.obj                   344     0         0      
       fd_div_t2.asm.obj              310     0         0      
       s_scalbn.c.obj                 272     0         0      
       fd_cmp_t2.asm.obj              268     0         0      
       ctype.c.obj                    0       257       0      
       fd_mul_t2.asm.obj              252     0         0      
       s_floor.c.obj                  248     0         0      
       memcpy_t2.asm.obj              156     0         0      
       ull_div_t2.asm.obj             150     0         0      
       vsnprintf.c.obj                136     0         0      
       memset_t2.asm.obj              122     0         0      
       fd_tos_t2.asm.obj              110     0         0      
       copy_decompress_lzss.c.obj     104     0         0      
       s_frexp.c.obj                  100     0         0      
       sprintf.c.obj                  98      0         0      
       _ltoa.c.obj                    84      0         0      
       atoi.c.obj                     76      0         0      
       fd_toi_t2.asm.obj              72      0         0      
       autoinit.c.obj                 68      0         0      
       fd_tou_t2.asm.obj              68      0         0      
       fs_tod_t2.asm.obj              56      0         0      
       boot_cortex_m.c.obj            52      0         0      
       i_tofd_t2.asm.obj              46      0         0      
       u_tofd_t2.asm.obj              32      0         0      
       copy_zero_init.c.obj           28      0         0      
       memccpy.c.obj                  28      0         0      
       s_copysign.c.obj               26      0         0      
       strcmp.c.obj                   24      0         0      
       strchr.c.obj                   22      0         0      
       strcpy.c.obj                   20      0         0      
       strlen.c.obj                   20      0         0      
       wcslen.c.obj                   18      0         0      
       copy_decompress_none.c.obj     14      0         0      
       errno.c.obj                    8       0         4      
       _lock.c.obj                    2       0         8      
       exit.c.obj                     4       0         0      
       pre_init.c.obj                 4       0         0      
       div0.asm.obj                   2       0         0      
    +--+------------------------------+-------+---------+---------+
       Total:                         16065   649       20     
                                                               
       Heap:                          0       0         4096   
       Stack:                         0       0         4096   
       Linker Generated:              0       86        0      
    +--+------------------------------+-------+---------+---------+
       Grand Total:                   24555   1459      9000   


LINKER GENERATED COPY TABLES

__TI_cinit_table @ 00006598 records: 3, size/record: 8, table size: 24
	.data: load addr=00006558, load size=00000022 bytes, run addr=200022ec, run size=00000041 bytes, compression=lzss
	.bss: load addr=00006588, load size=00000008 bytes, run addr=20002270, run size=0000007b bytes, compression=zero_init
	.vtable: load addr=00006590, load size=00000008 bytes, run addr=20000000, run size=0000026c bytes, compression=zero_init


LINKER GENERATED HANDLER TABLE

__TI_handler_table @ 0000657c records: 3, size/record: 4, table size: 12
	index: 0, handler: __TI_zero_init
	index: 1, handler: __TI_decompress_lzss
	index: 2, handler: __TI_decompress_none


GLOBAL SYMBOLS: SORTED ALPHABETICALLY BY Name 

address   name                          
-------   ----                          
0000625d  C$$EXIT                       
0000621d  CPUcpsie                      
00000bc3  GPIOF_Handler                 
000061ef  IntMasterEnable               
00005fc1  IntRegister                   
00006229  ResetISR                      
00003d59  TIMER3B_Handler               
20001270  __STACK_END                   
00001000  __STACK_SIZE                  
20000470  __STACK_TOP                   
00001000  __SYSMEM_SIZE                 
00006598  __TI_CINIT_Base               
000065b0  __TI_CINIT_Limit              
0000657c  __TI_Handler_Table_Base       
00006588  __TI_Handler_Table_Limit      
00005e09  __TI_auto_init_nobinit_nopinit
00005bad  __TI_decompress_lzss          
0000620f  __TI_decompress_none          
00005ccf  __TI_ltoa                     
ffffffff  __TI_pprof_out_hndl           
00000e8d  __TI_printfi                  
ffffffff  __TI_prof_data_size           
ffffffff  __TI_prof_data_start          
00000000  __TI_static_base__            
000060d1  __TI_zero_init_nomemset       
000058d9  __aeabi_cdcmpeq               
000058d9  __aeabi_cdcmple               
0000595f  __aeabi_cdrcmple              
00005b3f  __aeabi_d2f                   
00005dc1  __aeabi_d2iz                  
00005e4d  __aeabi_d2uiz                 
000044f7  __aeabi_dadd                  
00004edd  __aeabi_ddiv                  
00005349  __aeabi_dmul                  
000044ed  __aeabi_dsub                  
00006249  __aeabi_errno_addr            
00005f89  __aeabi_f2d                   
00006059  __aeabi_i2d                   
000046a3  __aeabi_idiv0                 
000046a3  __aeabi_ldiv0                 
000059e5  __aeabi_memclr                
000059e5  __aeabi_memclr4               
000059e5  __aeabi_memclr8               
000057a7  __aeabi_memcpy                
000057a7  __aeabi_memcpy4               
000057a7  __aeabi_memcpy8               
000059e7  __aeabi_memset                
000059e7  __aeabi_memset4               
000059e7  __aeabi_memset8               
000060b1  __aeabi_ui2d                  
00005843  __aeabi_uldivmod              
ffffffff  __binit__                     
ffffffff  __c_args__                    
00004991  __kernel_cos                  
00002b11  __kernel_rem_pio2             
0000481d  __kernel_sin                  
UNDEFED   __mpu_init                    
20000270  __stack                       
20000000  __start___llvm_prf_cnts       
20000000  __stop___llvm_prf_cnts        
00005ff5  _c_int00_noargs               
000063b8  _ctypes_                      
2000230c  _lock                         
000018db  _nop                          
2000232c  _running                      
20001270  _sys_memory                   
UNDEFED   _system_post_cinit            
00006259  _system_pre_init              
200022dc  _timeout_ticks                
20002310  _unlock                       
0000625d  abort                         
00005621  adc_init                      
00005695  adc_read                      
00005249  aligned_alloc                 
00005d75  atoi                          
ffffffff  binit                         
00005f51  calloc                        
00006125  copysign                      
00006125  copysignl                     
20002328  errno                         
200022e0  falling_time                  
200022e8  flag                          
00005445  floor                         
00005445  floorl                        
0000553d  free                          
00005c15  frexp                         
00005c15  frexpl                        
20000000  g_pfnRAMVectors               
00000000  g_pfnVectors                  
00003dd9  get_overflow                  
00003d9b  get_pulse                     
00003da7  get_pulse_millis              
0000097f  go_charge                     
000061ff  lcd_clear                     
000039fd  lcd_gotoLine                  
0000623f  lcd_home                      
00003865  lcd_init                      
00003a63  lcd_printf                    
00003925  lcd_putc                      
0000395d  lcd_puts                      
00003829  lcd_reverseNibble             
0000397b  lcd_sendCommand               
000039b9  lcd_sendNibble                
00003a25  lcd_setCursorPos              
00005139  ldexp                         
00005139  ldexpl                        
20002320  left_calibration_val          
000022ad  main                          
00006251  malloc                        
00005249  memalign                      
00006109  memccpy                       
000057a7  memcpy                        
000059ed  memset                        
200022ec  motor_cal_factor_L            
200022f0  motor_cal_factor_R            
0000258d  move_backwards                
00002525  move_forward                  
0000026d  oi_alloc                      
00000aa9  oi_checkFirmware              
000002c7  oi_close                      
00000279  oi_free                       
00000ded  oi_getMotorCalibrationLeft    
00000e01  oi_getMotorCalibrationRight   
000002b1  oi_init                       
00000289  oi_init_noupdate              
00000915  oi_loadSong                   
0000616f  oi_parseInt                   
0000032b  oi_parsePacket                
0000096b  oi_play_song                  
0000084b  oi_setLeds                    
00000db1  oi_setMotorCalibration        
0000088f  oi_setWheels                  
00000b51  oi_shutoff_init               
0000098d  oi_uartInit                   
00000a31  oi_uartReceive                
00000a77  oi_uartSendBuff               
00000a15  oi_uartSendChar               
00000a59  oi_uartSendStr                
000002d9  oi_update                     
00002701  oneEightyScan                 
20002324  overflow                      
00003b51  ping_init                     
00003c21  ping_read                     
000018dd  pow                           
000018dd  powl                          
2000231c  right_calibration_val         
200022e4  rising_time                   
00005139  scalbn                        
00005139  scalbnl                       
00003cd5  send_pulse                    
00004c59  servo_init                    
00004ce5  servo_move                    
00003249  sin                           
00003249  sinl                          
00005e91  sprintf                       
00004b01  sqrt                          
00004b01  sqrtl                         
200022e9  state                         
0000619f  strchr                        
00006187  strcmp                        
000061b5  strcpy                        
000061c9  strlen                        
000041f3  timer_getMicros               
0000419b  timer_getMillis               
000040d5  timer_init                    
00004177  timer_pause                   
00004189  timer_resume                  
0000414d  timer_stop                    
0000424d  timer_waitMicros              
0000427f  timer_waitMillis              
00002479  turn_clockwise                
000024cf  turn_counterclockwise         
200022ea  uart_data                     
000046a5  uart_init                     
0000479f  uart_interrupt_handler        
0000477f  uart_interrupt_init           
00004737  uart_receive                  
0000471b  uart_sendChar                 
00004759  uart_sendStr                  
00005ed1  vsnprintf                     
000061dd  wcslen                        


GLOBAL SYMBOLS: SORTED BY Symbol Address 

address   name                          
-------   ----                          
00000000  __TI_static_base__            
00000000  g_pfnVectors                  
0000026d  oi_alloc                      
00000279  oi_free                       
00000289  oi_init_noupdate              
000002b1  oi_init                       
000002c7  oi_close                      
000002d9  oi_update                     
0000032b  oi_parsePacket                
0000084b  oi_setLeds                    
0000088f  oi_setWheels                  
00000915  oi_loadSong                   
0000096b  oi_play_song                  
0000097f  go_charge                     
0000098d  oi_uartInit                   
00000a15  oi_uartSendChar               
00000a31  oi_uartReceive                
00000a59  oi_uartSendStr                
00000a77  oi_uartSendBuff               
00000aa9  oi_checkFirmware              
00000b51  oi_shutoff_init               
00000bc3  GPIOF_Handler                 
00000db1  oi_setMotorCalibration        
00000ded  oi_getMotorCalibrationLeft    
00000e01  oi_getMotorCalibrationRight   
00000e8d  __TI_printfi                  
00001000  __STACK_SIZE                  
00001000  __SYSMEM_SIZE                 
000018db  _nop                          
000018dd  pow                           
000018dd  powl                          
000022ad  main                          
00002479  turn_clockwise                
000024cf  turn_counterclockwise         
00002525  move_forward                  
0000258d  move_backwards                
00002701  oneEightyScan                 
00002b11  __kernel_rem_pio2             
00003249  sin                           
00003249  sinl                          
00003829  lcd_reverseNibble             
00003865  lcd_init                      
00003925  lcd_putc                      
0000395d  lcd_puts                      
0000397b  lcd_sendCommand               
000039b9  lcd_sendNibble                
000039fd  lcd_gotoLine                  
00003a25  lcd_setCursorPos              
00003a63  lcd_printf                    
00003b51  ping_init                     
00003c21  ping_read                     
00003cd5  send_pulse                    
00003d59  TIMER3B_Handler               
00003d9b  get_pulse                     
00003da7  get_pulse_millis              
00003dd9  get_overflow                  
000040d5  timer_init                    
0000414d  timer_stop                    
00004177  timer_pause                   
00004189  timer_resume                  
0000419b  timer_getMillis               
000041f3  timer_getMicros               
0000424d  timer_waitMicros              
0000427f  timer_waitMillis              
000044ed  __aeabi_dsub                  
000044f7  __aeabi_dadd                  
000046a3  __aeabi_idiv0                 
000046a3  __aeabi_ldiv0                 
000046a5  uart_init                     
0000471b  uart_sendChar                 
00004737  uart_receive                  
00004759  uart_sendStr                  
0000477f  uart_interrupt_init           
0000479f  uart_interrupt_handler        
0000481d  __kernel_sin                  
00004991  __kernel_cos                  
00004b01  sqrt                          
00004b01  sqrtl                         
00004c59  servo_init                    
00004ce5  servo_move                    
00004edd  __aeabi_ddiv                  
00005139  ldexp                         
00005139  ldexpl                        
00005139  scalbn                        
00005139  scalbnl                       
00005249  aligned_alloc                 
00005249  memalign                      
00005349  __aeabi_dmul                  
00005445  floor                         
00005445  floorl                        
0000553d  free                          
00005621  adc_init                      
00005695  adc_read                      
000057a7  __aeabi_memcpy                
000057a7  __aeabi_memcpy4               
000057a7  __aeabi_memcpy8               
000057a7  memcpy                        
00005843  __aeabi_uldivmod              
000058d9  __aeabi_cdcmpeq               
000058d9  __aeabi_cdcmple               
0000595f  __aeabi_cdrcmple              
000059e5  __aeabi_memclr                
000059e5  __aeabi_memclr4               
000059e5  __aeabi_memclr8               
000059e7  __aeabi_memset                
000059e7  __aeabi_memset4               
000059e7  __aeabi_memset8               
000059ed  memset                        
00005b3f  __aeabi_d2f                   
00005bad  __TI_decompress_lzss          
00005c15  frexp                         
00005c15  frexpl                        
00005ccf  __TI_ltoa                     
00005d75  atoi                          
00005dc1  __aeabi_d2iz                  
00005e09  __TI_auto_init_nobinit_nopinit
00005e4d  __aeabi_d2uiz                 
00005e91  sprintf                       
00005ed1  vsnprintf                     
00005f51  calloc                        
00005f89  __aeabi_f2d                   
00005fc1  IntRegister                   
00005ff5  _c_int00_noargs               
00006059  __aeabi_i2d                   
000060b1  __aeabi_ui2d                  
000060d1  __TI_zero_init_nomemset       
00006109  memccpy                       
00006125  copysign                      
00006125  copysignl                     
0000616f  oi_parseInt                   
00006187  strcmp                        
0000619f  strchr                        
000061b5  strcpy                        
000061c9  strlen                        
000061dd  wcslen                        
000061ef  IntMasterEnable               
000061ff  lcd_clear                     
0000620f  __TI_decompress_none          
0000621d  CPUcpsie                      
00006229  ResetISR                      
0000623f  lcd_home                      
00006249  __aeabi_errno_addr            
00006251  malloc                        
00006259  _system_pre_init              
0000625d  C$$EXIT                       
0000625d  abort                         
000063b8  _ctypes_                      
0000657c  __TI_Handler_Table_Base       
00006588  __TI_Handler_Table_Limit      
00006598  __TI_CINIT_Base               
000065b0  __TI_CINIT_Limit              
20000000  __start___llvm_prf_cnts       
20000000  __stop___llvm_prf_cnts        
20000000  g_pfnRAMVectors               
20000270  __stack                       
20000470  __STACK_TOP                   
20001270  __STACK_END                   
20001270  _sys_memory                   
200022dc  _timeout_ticks                
200022e0  falling_time                  
200022e4  rising_time                   
200022e8  flag                          
200022e9  state                         
200022ea  uart_data                     
200022ec  motor_cal_factor_L            
200022f0  motor_cal_factor_R            
2000230c  _lock                         
20002310  _unlock                       
2000231c  right_calibration_val         
20002320  left_calibration_val          
20002324  overflow                      
20002328  errno                         
2000232c  _running                      
ffffffff  __TI_pprof_out_hndl           
ffffffff  __TI_prof_data_size           
ffffffff  __TI_prof_data_start          
ffffffff  __binit__                     
ffffffff  __c_args__                    
ffffffff  binit                         
UNDEFED   __mpu_init                    
UNDEFED   _system_post_cinit            

[181 symbols]
